                                      1 ;--------------------------------------------------------
                                      2 ; File Created by SDCC : free open source ISO C Compiler
                                      3 ; Version 4.6.0 #16555 (MINGW64)
                                      4 ;--------------------------------------------------------
                                      5 	.module ayfx_player
                                      6 	
                                      7 	.optsdcc -mz80 sdcccall(1)
                                      8 ;--------------------------------------------------------
                                      9 ; Public variables in this module
                                     10 ;--------------------------------------------------------
                                     11 	.globl _ayFX_Finish
                                     12 	.globl _ayFX_Channel
                                     13 	.globl _ayFX_Priority
                                     14 	.globl _ayFX_Mode
                                     15 	.globl _ayFX_Volume
                                     16 	.globl _ayFX_Noise
                                     17 	.globl _ayFX_Tone
                                     18 	.globl _ayFX_Pointer
                                     19 	.globl _ayFX_Bank
                                     20 	.globl _ayFX_InitBank
                                     21 	.globl _ayFX_PlayBank
                                     22 	.globl _ayFX_Play
                                     23 	.globl _ayFX_Update
                                     24 	.globl _ayFX_Mute
                                     25 	.globl _ayFX_Stop
                                     26 ;--------------------------------------------------------
                                     27 ; special function registers
                                     28 ;--------------------------------------------------------
                         000000A0    29 _g_PSG_RegPort	=	0x00a0
                         000000A1    30 _g_PSG_DataPort	=	0x00a1
                         000000A2    31 _g_PSG_StatPort	=	0x00a2
                         00000010    32 _g_PSG_Ext_RegPort	=	0x0010
                         00000011    33 _g_PSG_Ext_DataPort	=	0x0011
                         00000012    34 _g_PSG_Ext_StatPort	=	0x0012
                         00000090    35 _g_Printer_ControlPort	=	0x0090
                         00000091    36 _g_Printer_DataPort	=	0x0091
                         0000007C    37 _g_MSXMusic_IndexPort	=	0x007c
                         0000007D    38 _g_MSXMusic_DataPort	=	0x007d
                         00000098    39 _g_VDP_DataPort	=	0x0098
                         00000099    40 _g_VDP_RegPort	=	0x0099
                         00000099    41 _g_VDP_AddrPort	=	0x0099
                         00000099    42 _g_VDP_StatPort	=	0x0099
                         000000A8    43 _g_PortPrimarySlot	=	0x00a8
                         000000A9    44 _g_PortReadKeyboard	=	0x00a9
                         000000AA    45 _g_PortAccessKeyboard	=	0x00aa
                         000000AB    46 _g_PortControl	=	0x00ab
                         000000B4    47 _g_RTC_AddrPort	=	0x00b4
                         000000B5    48 _g_RTC_DataPort	=	0x00b5
                         000000C0    49 _g_MSXAudio_IndexPort	=	0x00c0
                         000000C1    50 _g_MSXAudio_DataPort	=	0x00c1
                         000000C2    51 _g_MSXAudio_IndexPort2	=	0x00c2
                         000000C3    52 _g_MSXAudio_DataPort2	=	0x00c3
                         000000D8    53 _g_Kanji_Level1LowPort	=	0x00d8
                         000000D9    54 _g_Kanji_Level1HighPort	=	0x00d9
                         000000DA    55 _g_Kanji_Level2LowPort	=	0x00da
                         000000DB    56 _g_Kanji_Level2HighPort	=	0x00db
                                     57 ;--------------------------------------------------------
                                     58 ; ram data
                                     59 ;--------------------------------------------------------
                                     60 	.area _DATA
    00000000                         61 _ayFX_Bank::
    00000000                         62 	.ds 2
    00000002                         63 _ayFX_Pointer::
    00000002                         64 	.ds 2
    00000004                         65 _ayFX_Tone::
    00000004                         66 	.ds 2
    00000006                         67 _ayFX_Noise::
    00000006                         68 	.ds 1
    00000007                         69 _ayFX_Volume::
    00000007                         70 	.ds 1
                                     71 ;--------------------------------------------------------
                                     72 ; ram data
                                     73 ;--------------------------------------------------------
                                     74 	.area _INITIALIZED
    00000000                         75 _ayFX_Mode::
    00000000                         76 	.ds 1
    00000001                         77 _ayFX_Priority::
    00000001                         78 	.ds 1
    00000002                         79 _ayFX_Channel::
    00000002                         80 	.ds 1
    00000003                         81 _ayFX_Finish::
    00000003                         82 	.ds 2
                                     83 ;--------------------------------------------------------
                                     84 ; absolute ram data
                                     85 ;--------------------------------------------------------
                                     86 	.area _DABS (ABS)
                                     87 	.area _DABS (ABS)
                                     88 ;--------------------------------------------------------
                                     89 ; global & static initialisations
                                     90 ;--------------------------------------------------------
                                     91 	.area _HOME
                                     92 	.area _GSINIT
                                     93 	.area _GSFINAL
                                     94 	.area _GSINIT
                                     95 ;--------------------------------------------------------
                                     96 ; Home
                                     97 ;--------------------------------------------------------
                                     98 	.area _HOME
                                     99 	.area _HOME
                                    100 ;--------------------------------------------------------
                                    101 ; code
                                    102 ;--------------------------------------------------------
                                    103 	.area _CODE
                                    104 ;C:\Users\Jummy\Downloads\MSXgl-1.5.0b\engine/src/ayfx/ayfx_player.c:77: void ayFX_InitBank(void* bank) __NAKED
                                    105 ;	---------------------------------
                                    106 ; Function ayFX_InitBank
                                    107 ; ---------------------------------
    00000000                        108 _ayFX_InitBank::
                                    109 ;C:\Users\Jummy\Downloads\MSXgl-1.5.0b\engine/src/ayfx/ayfx_player.c:92: __endasm;
    00000000 22r00r00         [16]  110 	ld (_ayFX_Bank), hl
    00000003 C9               [10]  111 	ret
                                    112 ;C:\Users\Jummy\Downloads\MSXgl-1.5.0b\engine/src/ayfx/ayfx_player.c:93: }	
                                    113 ;C:\Users\Jummy\Downloads\MSXgl-1.5.0b\engine/src/ayfx/ayfx_player.c:100: u8 ayFX_PlayBank(u8 id, u8 prio) __NAKED
                                    114 ;	---------------------------------
                                    115 ; Function ayFX_PlayBank
                                    116 ; ---------------------------------
    00000004                        117 _ayFX_PlayBank::
                                    118 ;C:\Users\Jummy\Downloads\MSXgl-1.5.0b\engine/src/ayfx/ayfx_player.c:181: __endasm;
    00000004 4D               [ 4]  119 	ld c, l
    00000005 47               [ 4]  120 	ld b, a
    00000006 2Ar00r00         [16]  121 	ld hl, (_ayFX_Bank)
    00000009 7E               [ 7]  122 	ld a, (hl)
    0000000A B7               [ 4]  123 	or a
    0000000B 28 06            [12]  124 	jr z, CHECK_PRIO
    0000000D                        125 CHECK_INDEX:
    0000000D 78               [ 4]  126 	ld a, b
    0000000E BE               [ 7]  127 	cp (hl)
    0000000F 3E 02            [ 7]  128 	ld a, #2
    00000011 30 21            [12]  129 	jr nc, INIT_END
    00000013                        130 CHECK_PRIO:
    00000013 78               [ 4]  131 	ld a, b
    00000014 3Ar01r00         [13]  132 	ld a, (_ayFX_Priority)
    00000017 B9               [ 4]  133 	cp c
    00000018 3E 01            [ 7]  134 	ld a, #1
    0000001A 38 18            [12]  135 	jr c, INIT_END
    0000001C 79               [ 4]  136 	ld a, c
    0000001D E6 0F            [ 7]  137 	and #0x0F
    0000001F 32r01r00         [13]  138 	ld (_ayFX_Priority), a
    00000022 ED 5Br00r00      [20]  139 	ld de, (_ayFX_Bank)
    00000026 13               [ 6]  140 	inc de
    00000027 68               [ 4]  141 	ld l, b
    00000028 26 00            [ 7]  142 	ld h, #0
    0000002A 29               [11]  143 	add hl, hl
    0000002B 19               [11]  144 	add hl, de
    0000002C 5E               [ 7]  145 	ld e, (hl)
    0000002D 23               [ 6]  146 	inc hl
    0000002E 56               [ 7]  147 	ld d, (hl)
    0000002F 19               [11]  148 	add hl, de
    00000030 22r02r00         [16]  149 	ld (_ayFX_Pointer), hl
    00000033 AF               [ 4]  150 	xor a
    00000034                        151 INIT_END:
    00000034 C9               [10]  152 	ret
                                    153 ;C:\Users\Jummy\Downloads\MSXgl-1.5.0b\engine/src/ayfx/ayfx_player.c:182: }
                                    154 ;C:\Users\Jummy\Downloads\MSXgl-1.5.0b\engine/src/ayfx/ayfx_player.c:187: void ayFX_Play(void* data) __NAKED
                                    155 ;	---------------------------------
                                    156 ; Function ayFX_Play
                                    157 ; ---------------------------------
    00000035                        158 _ayFX_Play::
                                    159 ;C:\Users\Jummy\Downloads\MSXgl-1.5.0b\engine/src/ayfx/ayfx_player.c:196: __endasm;
    00000035 22r02r00         [16]  160 	ld (_ayFX_Pointer), hl
    00000038 AF               [ 4]  161 	xor a
    00000039 32r01r00         [13]  162 	ld (_ayFX_Priority), a
    0000003C C9               [10]  163 	ret
                                    164 ;C:\Users\Jummy\Downloads\MSXgl-1.5.0b\engine/src/ayfx/ayfx_player.c:197: }
                                    165 ;C:\Users\Jummy\Downloads\MSXgl-1.5.0b\engine/src/ayfx/ayfx_player.c:201: void ayFX_Update() __NAKED
                                    166 ;	---------------------------------
                                    167 ; Function ayFX_Update
                                    168 ; ---------------------------------
    0000003D                        169 _ayFX_Update::
                                    170 ;C:\Users\Jummy\Downloads\MSXgl-1.5.0b\engine/src/ayfx/ayfx_player.c:333: __endasm;
    0000003D 3Ar01r00         [13]  171 	ld a, (_ayFX_Priority)
    00000040 B7               [ 4]  172 	or a
    00000041 F8               [11]  173 	ret m
    00000042 3Ar00r00         [13]  174 	ld a, (_ayFX_Mode)
    00000045 E6 01            [ 7]  175 	and #1
    00000047 28 08            [12]  176 	jr z, TAKECB
    00000049                        177 CHANNEL_SWITCH:
    00000049 21r02r00         [10]  178 	ld hl, #_ayFX_Channel
    0000004C 35               [11]  179 	dec (hl)
    0000004D 20 02            [12]  180 	jr nz, TAKECB
    0000004F 36 03            [10]  181 	ld (hl), #3
    00000051                        182 TAKECB:
    00000051 2Ar02r00         [16]  183 	ld hl, (_ayFX_Pointer)
    00000054 4E               [ 7]  184 	ld c, (hl)
    00000055 23               [ 6]  185 	inc hl
    00000056 CB 69            [ 8]  186 	bit 5, c
    00000058 28 08            [12]  187 	jr z, CHECK_NN
    0000005A 5E               [ 7]  188 	ld e, (hl)
    0000005B 23               [ 6]  189 	inc hl
    0000005C 56               [ 7]  190 	ld d, (hl)
    0000005D 23               [ 6]  191 	inc hl
    0000005E ED 53r04r00      [20]  192 	ld (_ayFX_Tone), de
    00000062                        193 CHECK_NN:
    00000062 CB 71            [ 8]  194 	bit 6, c
    00000064 28 0D            [12]  195 	jr z, SETPOINTER
    00000066 7E               [ 7]  196 	ld a, (hl)
    00000067 23               [ 6]  197 	inc hl
    00000068 FE 20            [ 7]  198 	cp #0x20
    0000006A 20 04            [12]  199 	jr nz, CONTINUE
    0000006C 2Ar03r00         [16]  200 	ld hl, (_ayFX_Finish)
    0000006F E9               [ 4]  201 	jp (hl)
    00000070                        202 CONTINUE:
    00000070 32r06r00         [13]  203 	ld (_ayFX_Noise), a
    00000073                        204 SETPOINTER:
    00000073 22r02r00         [16]  205 	ld (_ayFX_Pointer), hl
    00000076 79               [ 4]  206 	ld a, c
    00000077 E6 0F            [ 7]  207 	and #0x0F
    00000079 32r07r00         [13]  208 	ld (_ayFX_Volume), a
    0000007C C8               [11]  209 	ret z
    0000007D CB 79            [ 8]  210 	bit 7, c
    0000007F 20 06            [12]  211 	jr nz, SETMASKS
    00000081 3Ar06r00         [13]  212 	ld a, (_ayFX_Noise)
    00000084 32r06r00         [13]  213 	ld (_g_PSG_Regs+6), a
    00000087                        214 SETMASKS:
    00000087 79               [ 4]  215 	ld a, c
    00000088 E6 90            [ 7]  216 	and #0x90
    0000008A FE 90            [ 7]  217 	cp #0x90
    0000008C C8               [11]  218 	ret z
    0000008D 0F               [ 4]  219 	rrca
    0000008E 0F               [ 4]  220 	rrca
    0000008F 16 DB            [ 7]  221 	ld d, #0xDB
    00000091 21r02r00         [10]  222 	ld hl, #_ayFX_Channel
    00000094 46               [ 7]  223 	ld b, (hl)
    00000095                        224 CHK1:
    00000095 10 0D            [13]  225 	djnz CHK2
    00000097                        226 PLAY_C:
    00000097 CDrC6r00         [17]  227 	call SETMIXER
    0000009A 32r0Ar00         [13]  228 	ld (_g_PSG_Regs+10), a
    0000009D CB 51            [ 8]  229 	bit 2, c
    0000009F C0               [11]  230 	ret nz
    000000A0 22r04r00         [16]  231 	ld (_g_PSG_Regs+4), hl
    000000A3 C9               [10]  232 	ret
    000000A4                        233 CHK2:
    000000A4 CB 0A            [ 8]  234 	rrc d
    000000A6 0F               [ 4]  235 	rrca
    000000A7 10 0D            [13]  236 	djnz CHK3
    000000A9                        237 PLAY_B:
    000000A9 CDrC6r00         [17]  238 	call SETMIXER
    000000AC 32r09r00         [13]  239 	ld (_g_PSG_Regs+9), a
    000000AF CB 49            [ 8]  240 	bit 1, c
    000000B1 C0               [11]  241 	ret nz
    000000B2 22r02r00         [16]  242 	ld (_g_PSG_Regs+2), hl
    000000B5 C9               [10]  243 	ret
    000000B6                        244 CHK3:
    000000B6 CB 0A            [ 8]  245 	rrc d
    000000B8 0F               [ 4]  246 	rrca
    000000B9                        247 PLAY_A:
    000000B9 CDrC6r00         [17]  248 	call SETMIXER
    000000BC 32r08r00         [13]  249 	ld (_g_PSG_Regs+8), a
    000000BF CB 41            [ 8]  250 	bit 0, c
    000000C1 C0               [11]  251 	ret nz
    000000C2 22r00r00         [16]  252 	ld (_g_PSG_Regs+0), hl
    000000C5 C9               [10]  253 	ret
    000000C6                        254 SETMIXER:
    000000C6 4F               [ 4]  255 	ld c, a
    000000C7 3Ar07r00         [13]  256 	ld a, (_g_PSG_Regs+7)
    000000CA A2               [ 4]  257 	and d
    000000CB B1               [ 4]  258 	or c
    000000CC 32r07r00         [13]  259 	ld (_g_PSG_Regs+7), a
    000000CF 3Ar07r00         [13]  260 	ld a, (_ayFX_Volume)
    000000D2 2Ar04r00         [16]  261 	ld hl, (_ayFX_Tone)
    000000D5 C9               [10]  262 	ret
                                    263 ;C:\Users\Jummy\Downloads\MSXgl-1.5.0b\engine/src/ayfx/ayfx_player.c:334: }
                                    264 ;C:\Users\Jummy\Downloads\MSXgl-1.5.0b\engine/src/ayfx/ayfx_player.c:338: void ayFX_Mute() __NAKED
                                    265 ;	---------------------------------
                                    266 ; Function ayFX_Mute
                                    267 ; ---------------------------------
    000000D6                        268 _ayFX_Mute::
                                    269 ;C:\Users\Jummy\Downloads\MSXgl-1.5.0b\engine/src/ayfx/ayfx_player.c:363: __endasm;
    000000D6 3E FF            [ 7]  270 	ld a, #255
    000000D8 32r01r00         [13]  271 	ld (_ayFX_Priority), a
    000000DB 21r02r00         [10]  272 	ld hl, #_ayFX_Channel
    000000DE 46               [ 7]  273 	ld b, (hl)
    000000DF AF               [ 4]  274 	xor a
    000000E0                        275 StopCheck1:
    000000E0 10 04            [13]  276 	djnz StopCheck2
    000000E2 32r0Ar00         [13]  277 	ld (_g_PSG_Regs+10), a
    000000E5 C9               [10]  278 	ret
    000000E6                        279 StopCheck2:
    000000E6 10 04            [13]  280 	djnz StopCheck3
    000000E8 32r09r00         [13]  281 	ld (_g_PSG_Regs+9), a
    000000EB C9               [10]  282 	ret
    000000EC                        283 StopCheck3:
    000000EC 32r08r00         [13]  284 	ld (_g_PSG_Regs+8), a
    000000EF C9               [10]  285 	ret
                                    286 ;C:\Users\Jummy\Downloads\MSXgl-1.5.0b\engine/src/ayfx/ayfx_player.c:364: }
                                    287 ;C:\Users\Jummy\Downloads\MSXgl-1.5.0b\engine/src/ayfx/ayfx_player.c:368: void ayFX_Stop() __NAKED
                                    288 ;	---------------------------------
                                    289 ; Function ayFX_Stop
                                    290 ; ---------------------------------
    000000F0                        291 _ayFX_Stop::
                                    292 ;C:\Users\Jummy\Downloads\MSXgl-1.5.0b\engine/src/ayfx/ayfx_player.c:375: __endasm;
    000000F0 3E FF            [ 7]  293 	ld a, #255
    000000F2 32r01r00         [13]  294 	ld (_ayFX_Priority), a
    000000F5 C9               [10]  295 	ret
                                    296 ;C:\Users\Jummy\Downloads\MSXgl-1.5.0b\engine/src/ayfx/ayfx_player.c:376: }
                                    297 	.area _CODE
                                    298 	.area _INITIALIZER
    00000000                        299 __xinit__ayFX_Mode:
    00000000 00                     300 	.db #0x00	; 0
    00000001                        301 __xinit__ayFX_Priority:
    00000001 FF                     302 	.db #0xff	; 255
    00000002                        303 __xinit__ayFX_Channel:
    00000002 01                     304 	.db #0x01	; 1
    00000003                        305 __xinit__ayFX_Finish:
    00000003rD6r00                  306 	.dw _ayFX_Mute
                                    307 	.area _CABS (ABS)
