                                      1 ;--------------------------------------------------------
                                      2 ; File Created by SDCC : free open source ISO C Compiler
                                      3 ; Version 4.6.0 #16555 (MINGW64)
                                      4 ;--------------------------------------------------------
                                      5 	.module bios
                                      6 	
                                      7 	.optsdcc -mz80 sdcccall(1)
                                      8 ;--------------------------------------------------------
                                      9 ; Public variables in this module
                                     10 ;--------------------------------------------------------
                                     11 	.globl _Sys_GetPageSlot
                                     12 	.globl _g_SLTSL
                                     13 	.globl _g_GRPACY
                                     14 	.globl _g_GRPACX
                                     15 	.globl _g_LOGOPR
                                     16 	.globl _g_CMASK
                                     17 	.globl _g_CLOC
                                     18 	.globl _g_FNKSTR
                                     19 	.globl _g_GETPNT
                                     20 	.globl _g_PUTPNT
                                     21 	.globl _g_ATRBYT
                                     22 	.globl _g_BDRCLR
                                     23 	.globl _g_BAKCLR
                                     24 	.globl _g_FORCLR
                                     25 	.globl _g_CSRX
                                     26 	.globl _g_CSRY
                                     27 	.globl _g_CLIKSW
                                     28 	.globl _g_MLTPAT
                                     29 	.globl _g_MLTATR
                                     30 	.globl _g_MLTCGP
                                     31 	.globl _g_MLTCOL
                                     32 	.globl _g_MLTNAM
                                     33 	.globl _g_GRPPAT
                                     34 	.globl _g_GRPATR
                                     35 	.globl _g_GRPCGP
                                     36 	.globl _g_GRPCOL
                                     37 	.globl _g_GRPNAM
                                     38 	.globl _g_T32PAT
                                     39 	.globl _g_T32ATR
                                     40 	.globl _g_T32CGP
                                     41 	.globl _g_T32COL
                                     42 	.globl _g_T32NAM
                                     43 	.globl _g_TXTPAT
                                     44 	.globl _g_TXTATR
                                     45 	.globl _g_TXTCGP
                                     46 	.globl _g_TXTCOL
                                     47 	.globl _g_TXTNAM
                                     48 	.globl _g_CLMLST
                                     49 	.globl _g_CRTCNT
                                     50 	.globl _g_LINLEN
                                     51 	.globl _g_LINL32
                                     52 	.globl _g_LINL40
                                     53 	.globl _g_BDOS
                                     54 	.globl _g_MASTER
                                     55 	.globl _g_RAMAD3
                                     56 	.globl _g_RAMAD2
                                     57 	.globl _g_RAMAD1
                                     58 	.globl _g_RAMAD0
                                     59 	.globl _g_BREAKV
                                     60 	.globl _g_DISKVE
                                     61 	.globl _g_KANJTABLE
                                     62 	.globl _g_STRSRC
                                     63 	.globl _g_SUBRID
                                     64 	.globl _g_CHAR_16
                                     65 	.globl _g_MSXMID
                                     66 	.globl _g_MSXVER
                                     67 	.globl _g_ROMVersion
                                     68 	.globl _g_BASRVN
                                     69 	.globl _g_VDP_DW
                                     70 	.globl _g_VDP_DR
                                     71 	.globl _g_CGTABL
                                     72 	.globl _g_SVFFFD
                                     73 	.globl _g_RG27SAV
                                     74 	.globl _g_RG26SAV
                                     75 	.globl _g_RG25SAV
                                     76 	.globl _g_SVFFF8
                                     77 	.globl _g_MINROM
                                     78 	.globl _g_RG23SAV
                                     79 	.globl _g_RG22SAV
                                     80 	.globl _g_RG21SAV
                                     81 	.globl _g_RG20SAV
                                     82 	.globl _g_RG19SAV
                                     83 	.globl _g_RG18SAV
                                     84 	.globl _g_RG17SAV
                                     85 	.globl _g_RG16SAV
                                     86 	.globl _g_RG15SAV
                                     87 	.globl _g_RG14SAV
                                     88 	.globl _g_RG13SAV
                                     89 	.globl _g_RG12SAV
                                     90 	.globl _g_RG11SAV
                                     91 	.globl _g_RG10SAV
                                     92 	.globl _g_RG09SAV
                                     93 	.globl _g_RG08SAV
                                     94 	.globl _g_PROCNM
                                     95 	.globl _g_SLTWRK
                                     96 	.globl _g_SLTATR
                                     97 	.globl _g_SLTTBL
                                     98 	.globl _g_EXPTBL
                                     99 	.globl _g_MNROM
                                    100 	.globl _g_DRWANG
                                    101 	.globl _g_DRWSCL
                                    102 	.globl _g_DRWFLG
                                    103 	.globl _g_GYPOS
                                    104 	.globl _g_GXPOS
                                    105 	.globl _g_BRDATR
                                    106 	.globl _g_CASPRV
                                    107 	.globl _g_OLDSCR
                                    108 	.globl _g_SCRMOD
                                    109 	.globl _g_FLBMEM
                                    110 	.globl _g_KANAMD
                                    111 	.globl _g_KANAST
                                    112 	.globl _g_CAPST
                                    113 	.globl _g_CSTYLE
                                    114 	.globl _g_CSRSW
                                    115 	.globl _g_INSFLG
                                    116 	.globl _g_ESCCNT
                                    117 	.globl _g_GRPHED
                                    118 	.globl _g_WINWID
                                    119 	.globl _g_LOWLIM
                                    120 	.globl _g_INTCNT
                                    121 	.globl _g_INTVAL
                                    122 	.globl _g_JIFFY
                                    123 	.globl _g_PADX
                                    124 	.globl _g_PADY
                                    125 	.globl _g_INTFLG
                                    126 	.globl _g_RTYCNT
                                    127 	.globl _g_TRPTBL
                                    128 	.globl _g_HIMEM
                                    129 	.globl _g_BOTTOM
                                    130 	.globl _g_PATWRK
                                    131 	.globl _g_LINWRK
                                    132 	.globl _g_KEYBUF
                                    133 	.globl _g_NEWKEY
                                    134 	.globl _g_OLDKEY
                                    135 	.globl _g_CLIKFL
                                    136 	.globl _g_ONGSBF
                                    137 	.globl _g_FNKFLG
                                    138 	.globl _g_FNKSWI
                                    139 	.globl _g_CODSAV
                                    140 	.globl _g_FSTPOS
                                    141 	.globl _g_LINTTB
                                    142 	.globl _g_BASROM
                                    143 	.globl _g_ENSTOP
                                    144 	.globl _g_VCBC
                                    145 	.globl _g_VCBB
                                    146 	.globl _g_VCBA
                                    147 	.globl _g_PLYCNT
                                    148 	.globl _g_MUSICF
                                    149 	.globl _g_QUEUEN
                                    150 	.globl _g_MCLPTR
                                    151 	.globl _g_MCLLEN
                                    152 	.globl _g_SAVVOL
                                    153 	.globl _g_VOICEN
                                    154 	.globl _g_SAVSP
                                    155 	.globl _g_PRSCNT
                                    156 	.globl _g_LSTMOD
                                    157 	.globl _g_LSTCOM
                                    158 	.globl _g_COMMSK
                                    159 	.globl _g_ESTBLS
                                    160 	.globl _g_FLAGS
                                    161 	.globl _g_ERRORS
                                    162 	.globl _g_DATCNT
                                    163 	.globl _g_DEVNUM
                                    164 	.globl _g_OLDINT
                                    165 	.globl _g_OLDSTT
                                    166 	.globl _g_MEXBIh
                                    167 	.globl _g_RSIQLN
                                    168 	.globl _g_RSFCB
                                    169 	.globl _g_TOCNT
                                    170 	.globl _g_RSTMP
                                    171 	.globl _g_YSAVE
                                    172 	.globl _g_XSAVE
                                    173 	.globl _g_NORUSE
                                    174 	.globl _g_MODE
                                    175 	.globl _g_ROMA
                                    176 	.globl _g_CHRCNT
                                    177 	.globl _g_EXBRSA
                                    178 	.globl _g_AVCSAV
                                    179 	.globl _g_ACPAGE
                                    180 	.globl _g_DPPAGE
                                    181 	.globl _g_RS2IQ
                                    182 	.globl _g_VOICCQ
                                    183 	.globl _g_VOICBQ
                                    184 	.globl _g_VOICAQ
                                    185 	.globl _g_QUEBAK
                                    186 	.globl _g_QUETAB
                                    187 	.globl _g_ASPCT2
                                    188 	.globl _g_ASPCT1
                                    189 	.globl _g_HEADER
                                    190 	.globl _g_HIGH
                                    191 	.globl _g_LOW
                                    192 	.globl _g_CS240
                                    193 	.globl _g_CS120
                                    194 	.globl _g_REPCNT
                                    195 	.globl _g_SCNCNT
                                    196 	.globl _g_FRCNEW
                                    197 	.globl _g_QUEUES
                                    198 	.globl _g_MINUPD
                                    199 	.globl _g_MAXUPD
                                    200 	.globl _g_TRGFLG
                                    201 	.globl _g_STATFL
                                    202 	.globl _g_RG7SAV
                                    203 	.globl _g_RG6SAV
                                    204 	.globl _g_RG5SAV
                                    205 	.globl _g_RG4SAV
                                    206 	.globl _g_RG3SAV
                                    207 	.globl _g_RG2SAV
                                    208 	.globl _g_RG1SAV
                                    209 	.globl _g_RG0SAV
                                    210 	.globl _g_CNSDFG
                                    211 	.globl _g_USRTAB
                                    212 	.globl _g_CLPRIM
                                    213 	.globl _g_WRPRIM
                                    214 	.globl _g_RDPRIM
                                    215 	.globl _BIOS_Exit
                                    216 	.globl _BIOS_SetHookCallback
                                    217 	.globl _BIOS_InterSlotRead
                                    218 	.globl _BIOS_InterSlotWrite
                                    219 	.globl _BIOS_InterSlotCall
                                    220 	.globl _BIOS_SwitchSlot
                                    221 	.globl _BIOS_WriteVDP
                                    222 	.globl _BIOS_WriteVRAM
                                    223 	.globl _BIOS_FillVRAM
                                    224 	.globl _BIOS_CopyFromVRAM
                                    225 	.globl _BIOS_CopyToVRAM
                                    226 	.globl _BIOS_InitScreen3Ex
                                    227 	.globl _BIOS_GetSpritePatternAddress
                                    228 	.globl _BIOS_GetSpriteAttributeAddress
                                    229 	.globl _BIOS_WritePSG
                                    230 	.globl _BIOS_PlayPSG
                                    231 	.globl _BIOS_HasCharacter
                                    232 	.globl _BIOS_ClearScreen
                                    233 	.globl _BIOS_TextSetCursor
                                    234 ;--------------------------------------------------------
                                    235 ; special function registers
                                    236 ;--------------------------------------------------------
                         000000A0   237 _g_PSG_RegPort	=	0x00a0
                         000000A1   238 _g_PSG_DataPort	=	0x00a1
                         000000A2   239 _g_PSG_StatPort	=	0x00a2
                         00000010   240 _g_PSG_Ext_RegPort	=	0x0010
                         00000011   241 _g_PSG_Ext_DataPort	=	0x0011
                         00000012   242 _g_PSG_Ext_StatPort	=	0x0012
                         00000090   243 _g_Printer_ControlPort	=	0x0090
                         00000091   244 _g_Printer_DataPort	=	0x0091
                         0000007C   245 _g_MSXMusic_IndexPort	=	0x007c
                         0000007D   246 _g_MSXMusic_DataPort	=	0x007d
                         00000098   247 _g_VDP_DataPort	=	0x0098
                         00000099   248 _g_VDP_RegPort	=	0x0099
                         00000099   249 _g_VDP_AddrPort	=	0x0099
                         00000099   250 _g_VDP_StatPort	=	0x0099
                         000000A8   251 _g_PortPrimarySlot	=	0x00a8
                         000000A9   252 _g_PortReadKeyboard	=	0x00a9
                         000000AA   253 _g_PortAccessKeyboard	=	0x00aa
                         000000AB   254 _g_PortControl	=	0x00ab
                         000000B4   255 _g_RTC_AddrPort	=	0x00b4
                         000000B5   256 _g_RTC_DataPort	=	0x00b5
                         000000C0   257 _g_MSXAudio_IndexPort	=	0x00c0
                         000000C1   258 _g_MSXAudio_DataPort	=	0x00c1
                         000000C2   259 _g_MSXAudio_IndexPort2	=	0x00c2
                         000000C3   260 _g_MSXAudio_DataPort2	=	0x00c3
                         000000D8   261 _g_Kanji_Level1LowPort	=	0x00d8
                         000000D9   262 _g_Kanji_Level1HighPort	=	0x00d9
                         000000DA   263 _g_Kanji_Level2LowPort	=	0x00da
                         000000DB   264 _g_Kanji_Level2HighPort	=	0x00db
                                    265 ;--------------------------------------------------------
                                    266 ; ram data
                                    267 ;--------------------------------------------------------
                                    268 	.area _DATA
                         0000F3AE   269 _g_LINL40	=	0xf3ae
                         0000F3AF   270 _g_LINL32	=	0xf3af
                         0000F3B0   271 _g_LINLEN	=	0xf3b0
                         0000F3B1   272 _g_CRTCNT	=	0xf3b1
                         0000F3B2   273 _g_CLMLST	=	0xf3b2
                         0000F3B3   274 _g_TXTNAM	=	0xf3b3
                         0000F3B5   275 _g_TXTCOL	=	0xf3b5
                         0000F3B7   276 _g_TXTCGP	=	0xf3b7
                         0000F3B9   277 _g_TXTATR	=	0xf3b9
                         0000F3BB   278 _g_TXTPAT	=	0xf3bb
                         0000F3BD   279 _g_T32NAM	=	0xf3bd
                         0000F3BF   280 _g_T32COL	=	0xf3bf
                         0000F3C1   281 _g_T32CGP	=	0xf3c1
                         0000F3C3   282 _g_T32ATR	=	0xf3c3
                         0000F3C5   283 _g_T32PAT	=	0xf3c5
                         0000F3C7   284 _g_GRPNAM	=	0xf3c7
                         0000F3C9   285 _g_GRPCOL	=	0xf3c9
                         0000F3CB   286 _g_GRPCGP	=	0xf3cb
                         0000F3CD   287 _g_GRPATR	=	0xf3cd
                         0000F3CF   288 _g_GRPPAT	=	0xf3cf
                         0000F3D1   289 _g_MLTNAM	=	0xf3d1
                         0000F3D3   290 _g_MLTCOL	=	0xf3d3
                         0000F3D5   291 _g_MLTCGP	=	0xf3d5
                         0000F3D7   292 _g_MLTATR	=	0xf3d7
                         0000F3D9   293 _g_MLTPAT	=	0xf3d9
                         0000F3DB   294 _g_CLIKSW	=	0xf3db
                         0000F3DC   295 _g_CSRY	=	0xf3dc
                         0000F3DD   296 _g_CSRX	=	0xf3dd
                         0000F3E9   297 _g_FORCLR	=	0xf3e9
                         0000F3EA   298 _g_BAKCLR	=	0xf3ea
                         0000F3EB   299 _g_BDRCLR	=	0xf3eb
                         0000F3F2   300 _g_ATRBYT	=	0xf3f2
                         0000F3F8   301 _g_PUTPNT	=	0xf3f8
                         0000F3FA   302 _g_GETPNT	=	0xf3fa
                         0000F87F   303 _g_FNKSTR	=	0xf87f
                         0000F92A   304 _g_CLOC	=	0xf92a
                         0000F92C   305 _g_CMASK	=	0xf92c
                         0000FB02   306 _g_LOGOPR	=	0xfb02
                         0000FCB7   307 _g_GRPACX	=	0xfcb7
                         0000FCB9   308 _g_GRPACY	=	0xfcb9
                         0000FFFF   309 _g_SLTSL	=	0xffff
                                    310 ;--------------------------------------------------------
                                    311 ; ram data
                                    312 ;--------------------------------------------------------
                                    313 	.area _INITIALIZED
                                    314 ;--------------------------------------------------------
                                    315 ; absolute ram data
                                    316 ;--------------------------------------------------------
                                    317 	.area _DABS (ABS)
                                    318 	.area _DABS (ABS)
                                    319 ;--------------------------------------------------------
                                    320 ; global & static initialisations
                                    321 ;--------------------------------------------------------
                                    322 	.area _HOME
                                    323 	.area _GSINIT
                                    324 	.area _GSFINAL
                                    325 	.area _GSINIT
                                    326 ;--------------------------------------------------------
                                    327 ; Home
                                    328 ;--------------------------------------------------------
                                    329 	.area _HOME
                                    330 	.area _HOME
                                    331 ;--------------------------------------------------------
                                    332 ; code
                                    333 ;--------------------------------------------------------
                                    334 	.area _CODE
                                    335 ;C:\Users\Jummy\Downloads\MSXgl-1.5.0b\engine/src/bios.c:29: void BIOS_Exit(u8 ret)
                                    336 ;	---------------------------------
                                    337 ; Function BIOS_Exit
                                    338 ; ---------------------------------
    00000000                        339 _BIOS_Exit::
                                    340 ;C:\Users\Jummy\Downloads\MSXgl-1.5.0b\engine/src/bios.c:75: __endasm;
    00000000 CD 00 00         [17]  341 	call 0x0000
                                    342 ;C:\Users\Jummy\Downloads\MSXgl-1.5.0b\engine/src/bios.c:78: }
    00000003 C9               [10]  343 	ret
                         0000F380   344 _g_RDPRIM	=	0xf380
                         0000F385   345 _g_WRPRIM	=	0xf385
                         0000F38C   346 _g_CLPRIM	=	0xf38c
                         0000F39A   347 _g_USRTAB	=	0xf39a
                         0000F3DE   348 _g_CNSDFG	=	0xf3de
                         0000F3DF   349 _g_RG0SAV	=	0xf3df
                         0000F3E0   350 _g_RG1SAV	=	0xf3e0
                         0000F3E1   351 _g_RG2SAV	=	0xf3e1
                         0000F3E2   352 _g_RG3SAV	=	0xf3e2
                         0000F3E3   353 _g_RG4SAV	=	0xf3e3
                         0000F3E4   354 _g_RG5SAV	=	0xf3e4
                         0000F3E5   355 _g_RG6SAV	=	0xf3e5
                         0000F3E6   356 _g_RG7SAV	=	0xf3e6
                         0000F3E7   357 _g_STATFL	=	0xf3e7
                         0000F3E8   358 _g_TRGFLG	=	0xf3e8
                         0000F3EC   359 _g_MAXUPD	=	0xf3ec
                         0000F3EF   360 _g_MINUPD	=	0xf3ef
                         0000F3F3   361 _g_QUEUES	=	0xf3f3
                         0000F3F5   362 _g_FRCNEW	=	0xf3f5
                         0000F3F6   363 _g_SCNCNT	=	0xf3f6
                         0000F3F7   364 _g_REPCNT	=	0xf3f7
                         0000F3FC   365 _g_CS120	=	0xf3fc
                         0000F401   366 _g_CS240	=	0xf401
                         0000F406   367 _g_LOW	=	0xf406
                         0000F408   368 _g_HIGH	=	0xf408
                         0000F40A   369 _g_HEADER	=	0xf40a
                         0000F40B   370 _g_ASPCT1	=	0xf40b
                         0000F40D   371 _g_ASPCT2	=	0xf40d
                         0000F959   372 _g_QUETAB	=	0xf959
                         0000F971   373 _g_QUEBAK	=	0xf971
                         0000F975   374 _g_VOICAQ	=	0xf975
                         0000F9F5   375 _g_VOICBQ	=	0xf9f5
                         0000FA75   376 _g_VOICCQ	=	0xfa75
                         0000FAF5   377 _g_RS2IQ	=	0xfaf5
                         0000FAF5   378 _g_DPPAGE	=	0xfaf5
                         0000FAF6   379 _g_ACPAGE	=	0xfaf6
                         0000FAF7   380 _g_AVCSAV	=	0xfaf7
                         0000FAF8   381 _g_EXBRSA	=	0xfaf8
                         0000FAF9   382 _g_CHRCNT	=	0xfaf9
                         0000FAFA   383 _g_ROMA	=	0xfafa
                         0000FAFC   384 _g_MODE	=	0xfafc
                         0000FAFD   385 _g_NORUSE	=	0xfafd
                         0000FAFE   386 _g_XSAVE	=	0xfafe
                         0000FB00   387 _g_YSAVE	=	0xfb00
                         0000FB03   388 _g_RSTMP	=	0xfb03
                         0000FB03   389 _g_TOCNT	=	0xfb03
                         0000FB04   390 _g_RSFCB	=	0xfb04
                         0000FB06   391 _g_RSIQLN	=	0xfb06
                         0000FB07   392 _g_MEXBIh	=	0xfb07
                         0000FB0C   393 _g_OLDSTT	=	0xfb0c
                         0000FB0C   394 _g_OLDINT	=	0xfb0c
                         0000FB16   395 _g_DEVNUM	=	0xfb16
                         0000FB17   396 _g_DATCNT	=	0xfb17
                         0000FB1A   397 _g_ERRORS	=	0xfb1a
                         0000FB1B   398 _g_FLAGS	=	0xfb1b
                         0000FB1C   399 _g_ESTBLS	=	0xfb1c
                         0000FB1D   400 _g_COMMSK	=	0xfb1d
                         0000FB1E   401 _g_LSTCOM	=	0xfb1e
                         0000FB1F   402 _g_LSTMOD	=	0xfb1f
                         0000FB35   403 _g_PRSCNT	=	0xfb35
                         0000FB36   404 _g_SAVSP	=	0xfb36
                         0000FB38   405 _g_VOICEN	=	0xfb38
                         0000FB39   406 _g_SAVVOL	=	0xfb39
                         0000FB3B   407 _g_MCLLEN	=	0xfb3b
                         0000FB3C   408 _g_MCLPTR	=	0xfb3c
                         0000FB3E   409 _g_QUEUEN	=	0xfb3e
                         0000FB3F   410 _g_MUSICF	=	0xfb3f
                         0000FB40   411 _g_PLYCNT	=	0xfb40
                         0000FB41   412 _g_VCBA	=	0xfb41
                         0000FB66   413 _g_VCBB	=	0xfb66
                         0000FB8B   414 _g_VCBC	=	0xfb8b
                         0000FBB0   415 _g_ENSTOP	=	0xfbb0
                         0000FBB1   416 _g_BASROM	=	0xfbb1
                         0000FBB2   417 _g_LINTTB	=	0xfbb2
                         0000FBCA   418 _g_FSTPOS	=	0xfbca
                         0000FBCC   419 _g_CODSAV	=	0xfbcc
                         0000FBCD   420 _g_FNKSWI	=	0xfbcd
                         0000FBCE   421 _g_FNKFLG	=	0xfbce
                         0000FBD8   422 _g_ONGSBF	=	0xfbd8
                         0000FBD9   423 _g_CLIKFL	=	0xfbd9
                         0000FBDA   424 _g_OLDKEY	=	0xfbda
                         0000FBE5   425 _g_NEWKEY	=	0xfbe5
                         0000FBF0   426 _g_KEYBUF	=	0xfbf0
                         0000FC18   427 _g_LINWRK	=	0xfc18
                         0000FC40   428 _g_PATWRK	=	0xfc40
                         0000FC48   429 _g_BOTTOM	=	0xfc48
                         0000FC4A   430 _g_HIMEM	=	0xfc4a
                         0000FC4C   431 _g_TRPTBL	=	0xfc4c
                         0000FC9A   432 _g_RTYCNT	=	0xfc9a
                         0000FC9B   433 _g_INTFLG	=	0xfc9b
                         0000FC9C   434 _g_PADY	=	0xfc9c
                         0000FC9D   435 _g_PADX	=	0xfc9d
                         0000FC9E   436 _g_JIFFY	=	0xfc9e
                         0000FCA0   437 _g_INTVAL	=	0xfca0
                         0000FCA2   438 _g_INTCNT	=	0xfca2
                         0000FCA4   439 _g_LOWLIM	=	0xfca4
                         0000FCA5   440 _g_WINWID	=	0xfca5
                         0000FCA6   441 _g_GRPHED	=	0xfca6
                         0000FCA7   442 _g_ESCCNT	=	0xfca7
                         0000FCA8   443 _g_INSFLG	=	0xfca8
                         0000FCA9   444 _g_CSRSW	=	0xfca9
                         0000FCAA   445 _g_CSTYLE	=	0xfcaa
                         0000FCAB   446 _g_CAPST	=	0xfcab
                         0000FCAC   447 _g_KANAST	=	0xfcac
                         0000FCAD   448 _g_KANAMD	=	0xfcad
                         0000FCAE   449 _g_FLBMEM	=	0xfcae
                         0000FCAF   450 _g_SCRMOD	=	0xfcaf
                         0000FCB0   451 _g_OLDSCR	=	0xfcb0
                         0000FCB1   452 _g_CASPRV	=	0xfcb1
                         0000FCB2   453 _g_BRDATR	=	0xfcb2
                         0000FCB3   454 _g_GXPOS	=	0xfcb3
                         0000FCB5   455 _g_GYPOS	=	0xfcb5
                         0000FCBB   456 _g_DRWFLG	=	0xfcbb
                         0000FCBC   457 _g_DRWSCL	=	0xfcbc
                         0000FCBD   458 _g_DRWANG	=	0xfcbd
                         0000FCC1   459 _g_MNROM	=	0xfcc1
                         0000FCC1   460 _g_EXPTBL	=	0xfcc1
                         0000FCC5   461 _g_SLTTBL	=	0xfcc5
                         0000FCC9   462 _g_SLTATR	=	0xfcc9
                         0000FD09   463 _g_SLTWRK	=	0xfd09
                         0000FD89   464 _g_PROCNM	=	0xfd89
                         0000FFE7   465 _g_RG08SAV	=	0xffe7
                         0000FFE8   466 _g_RG09SAV	=	0xffe8
                         0000FFE9   467 _g_RG10SAV	=	0xffe9
                         0000FFEA   468 _g_RG11SAV	=	0xffea
                         0000FFEB   469 _g_RG12SAV	=	0xffeb
                         0000FFEC   470 _g_RG13SAV	=	0xffec
                         0000FFED   471 _g_RG14SAV	=	0xffed
                         0000FFEE   472 _g_RG15SAV	=	0xffee
                         0000FFEF   473 _g_RG16SAV	=	0xffef
                         0000FFF0   474 _g_RG17SAV	=	0xfff0
                         0000FFF1   475 _g_RG18SAV	=	0xfff1
                         0000FFF2   476 _g_RG19SAV	=	0xfff2
                         0000FFF3   477 _g_RG20SAV	=	0xfff3
                         0000FFF4   478 _g_RG21SAV	=	0xfff4
                         0000FFF5   479 _g_RG22SAV	=	0xfff5
                         0000FFF6   480 _g_RG23SAV	=	0xfff6
                         0000FFF7   481 _g_MINROM	=	0xfff7
                         0000FFF8   482 _g_SVFFF8	=	0xfff8
                         0000FFFA   483 _g_RG25SAV	=	0xfffa
                         0000FFFB   484 _g_RG26SAV	=	0xfffb
                         0000FFFC   485 _g_RG27SAV	=	0xfffc
                         0000FFFD   486 _g_SVFFFD	=	0xfffd
                         00000004   487 _g_CGTABL	=	0x0004
                         00000006   488 _g_VDP_DR	=	0x0006
                         00000007   489 _g_VDP_DW	=	0x0007
                         0000002B   490 _g_BASRVN	=	0x002b
                         0000002B   491 _g_ROMVersion	=	0x002b
                         0000002D   492 _g_MSXVER	=	0x002d
                         0000002E   493 _g_MSXMID	=	0x002e
                         00000034   494 _g_CHAR_16	=	0x0034
                         00000000   495 _g_SUBRID	=	0x0000
                         00000002   496 _g_STRSRC	=	0x0002
                         0000F30F   497 _g_KANJTABLE	=	0xf30f
                         0000F323   498 _g_DISKVE	=	0xf323
                         0000F325   499 _g_BREAKV	=	0xf325
                         0000F341   500 _g_RAMAD0	=	0xf341
                         0000F342   501 _g_RAMAD1	=	0xf342
                         0000F343   502 _g_RAMAD2	=	0xf343
                         0000F344   503 _g_RAMAD3	=	0xf344
                         0000F348   504 _g_MASTER	=	0xf348
                         0000F37D   505 _g_BDOS	=	0xf37d
    00000004                        506 ___str_0:
    00000004 0A                     507 	.db 0x0a
    00000005 0D                     508 	.db 0x0d
    00000006 24                     509 	.ascii "$"
    00000007 00                     510 	.db 0x00
                                    511 ;C:\Users\Jummy\Downloads\MSXgl-1.5.0b\engine/src/bios.c:83: void BIOS_SetHookCallback(u16 hook, callback cb)
                                    512 ;	---------------------------------
                                    513 ; Function BIOS_SetHookCallback
                                    514 ; ---------------------------------
    00000008                        515 _BIOS_SetHookCallback::
    00000008 4D               [ 4]  516 	ld	c, l
    00000009 44               [ 4]  517 	ld	b, h
                                    518 ;C:\Users\Jummy\Downloads\MSXgl-1.5.0b\engine/src/bios.c:85: u8 slot = Sys_GetPageSlot((u16)cb >> 14);
    0000000A 7A               [ 4]  519 	ld	a, d
    0000000B 07               [ 4]  520 	rlca
    0000000C 07               [ 4]  521 	rlca
    0000000D E6 03            [ 7]  522 	and	a, #0x03
    0000000F C5               [11]  523 	push	bc
    00000010 D5               [11]  524 	push	de
    00000011 CDr00r00         [17]  525 	call	_Sys_GetPageSlot
    00000014 D1               [10]  526 	pop	de
    00000015 C1               [10]  527 	pop	bc
                                    528 ;C:\Users\Jummy\Downloads\MSXgl-1.5.0b\engine/src/bios_hook.h:58: *((u8*)hook) = 0xF7; // RST #30
    00000016 69               [ 4]  529 	ld	l, c
    00000017 60               [ 4]  530 	ld	h, b
    00000018 36 F7            [10]  531 	ld	(hl), #0xf7
                                    532 ;C:\Users\Jummy\Downloads\MSXgl-1.5.0b\engine/src/bios_hook.h:59: *((u8*)++hook) = slot; // Slot ID
    0000001A 03               [ 6]  533 	inc	bc
    0000001B 69               [ 4]  534 	ld	l, c
    0000001C 60               [ 4]  535 	ld	h, b
    0000001D 77               [ 7]  536 	ld	(hl), a
                                    537 ;C:\Users\Jummy\Downloads\MSXgl-1.5.0b\engine/src/bios_hook.h:60: *((callback*)++hook) = cb; // Callback address
    0000001E 03               [ 6]  538 	inc	bc
    0000001F 60               [ 4]  539 	ld	h, b
    00000020 69               [ 4]  540 	ld	l, c
    00000021 73               [ 7]  541 	ld	(hl), e
    00000022 23               [ 6]  542 	inc	hl
    00000023 72               [ 7]  543 	ld	(hl), d
                                    544 ;C:\Users\Jummy\Downloads\MSXgl-1.5.0b\engine/src/bios.c:86: BIOS_SetHookInterSlotCallback(hook, slot, cb);
                                    545 ;C:\Users\Jummy\Downloads\MSXgl-1.5.0b\engine/src/bios.c:87: }
    00000024 C9               [10]  546 	ret
                                    547 ;C:\Users\Jummy\Downloads\MSXgl-1.5.0b\engine/src/bios.c:136: u8 BIOS_InterSlotRead(u8 slot, u16 addr) __NAKED
                                    548 ;	---------------------------------
                                    549 ; Function BIOS_InterSlotRead
                                    550 ; ---------------------------------
    00000025                        551 _BIOS_InterSlotRead::
                                    552 ;C:\Users\Jummy\Downloads\MSXgl-1.5.0b\engine/src/bios.c:146: __endasm;
    00000025 EB               [ 4]  553 	ex de, hl
    00000026 CD 0C 00         [17]  554 	call 0x000C
    00000029 FB               [ 4]  555 	ei
    0000002A C9               [10]  556 	ret
                                    557 ;C:\Users\Jummy\Downloads\MSXgl-1.5.0b\engine/src/bios.c:147: }
                                    558 ;C:\Users\Jummy\Downloads\MSXgl-1.5.0b\engine/src/bios.c:175: void BIOS_InterSlotWrite(u8 slot, u16 addr, u8 value)
                                    559 ;	---------------------------------
                                    560 ; Function BIOS_InterSlotWrite
                                    561 ; ---------------------------------
    0000002B                        562 _BIOS_InterSlotWrite::
                                    563 ;C:\Users\Jummy\Downloads\MSXgl-1.5.0b\engine/src/bios.c:192: __endasm;
    0000002B FD E5            [15]  564 	push iy
    0000002D FD 21 04 00      [14]  565 	ld iy, #4
    00000031 FD 39            [15]  566 	add iy, sp
    00000033 6B               [ 4]  567 	ld l, e
    00000034 62               [ 4]  568 	ld h, d
    00000035 FD 5E 00         [19]  569 	ld e, 0(iy)
    00000038 CD 14 00         [17]  570 	call 0x0014
    0000003B FD E1            [14]  571 	pop iy
    0000003D FB               [ 4]  572 	ei
                                    573 ;C:\Users\Jummy\Downloads\MSXgl-1.5.0b\engine/src/bios.c:193: }
    0000003E E1               [10]  574 	pop	hl
    0000003F 33               [ 6]  575 	inc	sp
    00000040 E9               [ 4]  576 	jp	(hl)
                                    577 ;C:\Users\Jummy\Downloads\MSXgl-1.5.0b\engine/src/bios.c:212: void BIOS_InterSlotCall(u8 slot, u16 addr)
                                    578 ;	---------------------------------
                                    579 ; Function BIOS_InterSlotCall
                                    580 ; ---------------------------------
    00000041                        581 _BIOS_InterSlotCall::
                                    582 ;C:\Users\Jummy\Downloads\MSXgl-1.5.0b\engine/src/bios.c:231: __endasm;
    00000041 DD E5            [15]  583 	push ix
    00000043 2E 00            [ 7]  584 	ld l, #0
    00000045 67               [ 4]  585 	ld h, a
    00000046 E5               [11]  586 	push hl
    00000047 FD E1            [14]  587 	pop iy
    00000049 D5               [11]  588 	push de
    0000004A DD E1            [14]  589 	pop ix
    0000004C CD 1C 00         [17]  590 	call 0x001C
    0000004F FB               [ 4]  591 	ei
    00000050 DD E1            [14]  592 	pop ix
                                    593 ;C:\Users\Jummy\Downloads\MSXgl-1.5.0b\engine/src/bios.c:232: }
    00000052 C9               [10]  594 	ret
                                    595 ;C:\Users\Jummy\Downloads\MSXgl-1.5.0b\engine/src/bios.c:251: void BIOS_SwitchSlot(u8 page, u8 slot)
                                    596 ;	---------------------------------
                                    597 ; Function BIOS_SwitchSlot
                                    598 ; ---------------------------------
    00000053                        599 _BIOS_SwitchSlot::
                                    600 ;C:\Users\Jummy\Downloads\MSXgl-1.5.0b\engine/src/bios.c:263: __endasm;
    00000053 0F               [ 4]  601 	rrca 
    00000054 0F               [ 4]  602 	rrca 
    00000055 E6 C0            [ 7]  603 	and a, #0xC0
    00000057 44               [ 4]  604 	ld b, h
    00000058 67               [ 4]  605 	ld h, a
    00000059 78               [ 4]  606 	ld a, b
    0000005A CD 24 00         [17]  607 	call 0x0024
    0000005D FB               [ 4]  608 	ei
                                    609 ;C:\Users\Jummy\Downloads\MSXgl-1.5.0b\engine/src/bios.c:264: }
    0000005E C9               [10]  610 	ret
                                    611 ;C:\Users\Jummy\Downloads\MSXgl-1.5.0b\engine/src/bios.c:344: void BIOS_WriteVDP(u8 reg, u8 value)
                                    612 ;	---------------------------------
                                    613 ; Function BIOS_WriteVDP
                                    614 ; ---------------------------------
    0000005F                        615 _BIOS_WriteVDP::
                                    616 ;C:\Users\Jummy\Downloads\MSXgl-1.5.0b\engine/src/bios.c:353: __endasm;
    0000005F 4F               [ 4]  617 	ld c, a
    00000060 45               [ 4]  618 	ld b, l
    00000061 CD 47 00         [17]  619 	call 0x0047
                                    620 ;C:\Users\Jummy\Downloads\MSXgl-1.5.0b\engine/src/bios.c:354: }
    00000064 C9               [10]  621 	ret
                                    622 ;C:\Users\Jummy\Downloads\MSXgl-1.5.0b\engine/src/bios.c:375: void BIOS_WriteVRAM(u8 value, u16 addr)
                                    623 ;	---------------------------------
                                    624 ; Function BIOS_WriteVRAM
                                    625 ; ---------------------------------
    00000065                        626 _BIOS_WriteVRAM::
                                    627 ;C:\Users\Jummy\Downloads\MSXgl-1.5.0b\engine/src/bios.c:383: __endasm;
    00000065 EB               [ 4]  628 	ex de, hl
    00000066 CD 4D 00         [17]  629 	call 0x004D
                                    630 ;C:\Users\Jummy\Downloads\MSXgl-1.5.0b\engine/src/bios.c:384: }
    00000069 C9               [10]  631 	ret
                                    632 ;C:\Users\Jummy\Downloads\MSXgl-1.5.0b\engine/src/bios.c:416: void BIOS_FillVRAM(u16 addr, u16 length, u8 value)
                                    633 ;	---------------------------------
                                    634 ; Function BIOS_FillVRAM
                                    635 ; ---------------------------------
    0000006A                        636 _BIOS_FillVRAM::
                                    637 ;C:\Users\Jummy\Downloads\MSXgl-1.5.0b\engine/src/bios.c:430: __endasm;
    0000006A FD 21 02 00      [14]  638 	ld iy, #2
    0000006E FD 39            [15]  639 	add iy, sp
    00000070 4B               [ 4]  640 	ld c, e
    00000071 42               [ 4]  641 	ld b, d
    00000072 FD 7E 00         [19]  642 	ld a, 0(iy)
    00000075 CD 56 00         [17]  643 	call 0x0056
                                    644 ;C:\Users\Jummy\Downloads\MSXgl-1.5.0b\engine/src/bios.c:431: }
    00000078 E1               [10]  645 	pop	hl
    00000079 33               [ 6]  646 	inc	sp
    0000007A E9               [ 4]  647 	jp	(hl)
                                    648 ;C:\Users\Jummy\Downloads\MSXgl-1.5.0b\engine/src/bios.c:442: void BIOS_CopyFromVRAM(u16 vram, void* ram, u16 length)
                                    649 ;	---------------------------------
                                    650 ; Function BIOS_CopyFromVRAM
                                    651 ; ---------------------------------
    0000007B                        652 _BIOS_CopyFromVRAM::
                                    653 ;C:\Users\Jummy\Downloads\MSXgl-1.5.0b\engine/src/bios.c:455: __endasm;
    0000007B FD 21 02 00      [14]  654 	ld iy, #2
    0000007F FD 39            [15]  655 	add iy, sp
    00000081 FD 4E 00         [19]  656 	ld c, 0(iy)
    00000084 FD 46 01         [19]  657 	ld b, 1(iy)
    00000087 CD 59 00         [17]  658 	call 0x0059
                                    659 ;C:\Users\Jummy\Downloads\MSXgl-1.5.0b\engine/src/bios.c:456: }
    0000008A E1               [10]  660 	pop	hl
    0000008B F1               [10]  661 	pop	af
    0000008C E9               [ 4]  662 	jp	(hl)
                                    663 ;C:\Users\Jummy\Downloads\MSXgl-1.5.0b\engine/src/bios.c:467: void BIOS_CopyToVRAM(const void* ram, u16 vram, u16 length)
                                    664 ;	---------------------------------
                                    665 ; Function BIOS_CopyToVRAM
                                    666 ; ---------------------------------
    0000008D                        667 _BIOS_CopyToVRAM::
                                    668 ;C:\Users\Jummy\Downloads\MSXgl-1.5.0b\engine/src/bios.c:480: __endasm;
    0000008D FD 21 02 00      [14]  669 	ld iy, #2
    00000091 FD 39            [15]  670 	add iy, sp
    00000093 FD 4E 00         [19]  671 	ld c, 0(iy)
    00000096 FD 46 01         [19]  672 	ld b, 1(iy)
    00000099 CD 5C 00         [17]  673 	call 0x005C
                                    674 ;C:\Users\Jummy\Downloads\MSXgl-1.5.0b\engine/src/bios.c:481: }
    0000009C E1               [10]  675 	pop	hl
    0000009D F1               [10]  676 	pop	af
    0000009E E9               [ 4]  677 	jp	(hl)
                                    678 ;C:\Users\Jummy\Downloads\MSXgl-1.5.0b\engine/src/bios.c:572: void BIOS_InitScreen3Ex(u16 pnt, u16 ct, u16 pgt, u16 sat, u16 sgt, u8 text, u8 bg, u8 border)
                                    679 ;	---------------------------------
                                    680 ; Function BIOS_InitScreen3Ex
                                    681 ; ---------------------------------
    0000009F                        682 _BIOS_InitScreen3Ex::
    0000009F DD E5            [15]  683 	push	ix
    000000A1 DD 21 00 00      [14]  684 	ld	ix,	#0
    000000A5 DD 39            [15]  685 	add	ix, sp
    000000A7 22 D1 F3         [16]  686 	ld	(_g_MLTNAM), hl
    000000AA ED 53 D3 F3      [20]  687 	ld	(_g_MLTCOL), de
                                    688 ;C:\Users\Jummy\Downloads\MSXgl-1.5.0b\engine/src/bios.c:576: g_MLTCGP = pgt;    // Address of pattern generator table
    000000AE DD 6E 04         [19]  689 	ld	l, 4 (ix)
    000000B1 DD 66 05         [19]  690 	ld	h, 5 (ix)
    000000B4 22 D5 F3         [16]  691 	ld	(_g_MLTCGP), hl
                                    692 ;C:\Users\Jummy\Downloads\MSXgl-1.5.0b\engine/src/bios.c:577: g_MLTATR = sat;    // Address of sprite attribute table
    000000B7 DD 6E 06         [19]  693 	ld	l, 6 (ix)
    000000BA DD 66 07         [19]  694 	ld	h, 7 (ix)
    000000BD 22 D7 F3         [16]  695 	ld	(_g_MLTATR), hl
                                    696 ;C:\Users\Jummy\Downloads\MSXgl-1.5.0b\engine/src/bios.c:578: g_MLTPAT = sgt;    // Address of sprite generator table
    000000C0 DD 6E 08         [19]  697 	ld	l, 8 (ix)
    000000C3 DD 66 09         [19]  698 	ld	h, 9 (ix)
    000000C6 22 D9 F3         [16]  699 	ld	(_g_MLTPAT), hl
                                    700 ;C:\Users\Jummy\Downloads\MSXgl-1.5.0b\engine/src/bios.c:579: g_FORCLR = text;   // Text color
    000000C9 DD 7E 0A         [19]  701 	ld	a, 10 (ix)
    000000CC 32 E9 F3         [13]  702 	ld	(#_g_FORCLR), a
                                    703 ;C:\Users\Jummy\Downloads\MSXgl-1.5.0b\engine/src/bios.c:580: g_BAKCLR = bg;     // Background color
    000000CF DD 7E 0B         [19]  704 	ld	a, 11 (ix)
    000000D2 32 EA F3         [13]  705 	ld	(#_g_BAKCLR), a
                                    706 ;C:\Users\Jummy\Downloads\MSXgl-1.5.0b\engine/src/bios.c:581: g_BDRCLR = border; // Border color
    000000D5 DD 7E 0C         [19]  707 	ld	a, 12 (ix)
    000000D8 32 EB F3         [13]  708 	ld	(#_g_BDRCLR), a
                                    709 ;C:\Users\Jummy\Downloads\MSXgl-1.5.0b\engine/src/system.h:231: inline void Call(u16 addr) { ((void(*)(void))addr)(); }
    000000DB CD 75 00         [17]  710 	call	0x0075
                                    711 ;C:\Users\Jummy\Downloads\MSXgl-1.5.0b\engine/src/bios.c:582: Call(R_INIMLT);
                                    712 ;C:\Users\Jummy\Downloads\MSXgl-1.5.0b\engine/src/bios.c:583: }
    000000DE DD E1            [14]  713 	pop	ix
    000000E0 E1               [10]  714 	pop	hl
    000000E1 FD 21 09 00      [14]  715 	ld	iy, #9
    000000E5 FD 39            [15]  716 	add	iy, sp
    000000E7 FD F9            [10]  717 	ld	sp, iy
    000000E9 E9               [ 4]  718 	jp	(hl)
                                    719 ;C:\Users\Jummy\Downloads\MSXgl-1.5.0b\engine/src/bios.c:624: u16 BIOS_GetSpritePatternAddress(u8 id) __NAKED
                                    720 ;	---------------------------------
                                    721 ; Function BIOS_GetSpritePatternAddress
                                    722 ; ---------------------------------
    000000EA                        723 _BIOS_GetSpritePatternAddress::
                                    724 ;C:\Users\Jummy\Downloads\MSXgl-1.5.0b\engine/src/bios.c:632: __endasm;
    000000EA CD 84 00         [17]  725 	call 0x0084
    000000ED EB               [ 4]  726 	ex de, hl
    000000EE C9               [10]  727 	ret
                                    728 ;C:\Users\Jummy\Downloads\MSXgl-1.5.0b\engine/src/bios.c:633: }
                                    729 ;C:\Users\Jummy\Downloads\MSXgl-1.5.0b\engine/src/bios.c:642: u16 BIOS_GetSpriteAttributeAddress(u8 id) __NAKED
                                    730 ;	---------------------------------
                                    731 ; Function BIOS_GetSpriteAttributeAddress
                                    732 ; ---------------------------------
    000000EF                        733 _BIOS_GetSpriteAttributeAddress::
                                    734 ;C:\Users\Jummy\Downloads\MSXgl-1.5.0b\engine/src/bios.c:650: __endasm;
    000000EF CD 87 00         [17]  735 	call 0x0087
    000000F2 EB               [ 4]  736 	ex de, hl
    000000F3 C9               [10]  737 	ret
                                    738 ;C:\Users\Jummy\Downloads\MSXgl-1.5.0b\engine/src/bios.c:651: }
                                    739 ;C:\Users\Jummy\Downloads\MSXgl-1.5.0b\engine/src/bios.c:694: void BIOS_WritePSG(u8 reg, u8 value)
                                    740 ;	---------------------------------
                                    741 ; Function BIOS_WritePSG
                                    742 ; ---------------------------------
    000000F4                        743 _BIOS_WritePSG::
                                    744 ;C:\Users\Jummy\Downloads\MSXgl-1.5.0b\engine/src/bios.c:702: __endasm;	
    000000F4 5D               [ 4]  745 	ld e, l
    000000F5 CD 93 00         [17]  746 	call 0x0093
                                    747 ;C:\Users\Jummy\Downloads\MSXgl-1.5.0b\engine/src/bios.c:703: }
    000000F8 C9               [10]  748 	ret
                                    749 ;C:\Users\Jummy\Downloads\MSXgl-1.5.0b\engine/src/bios.c:711: bool BIOS_PlayPSG(const BIOS_QCB* qcb) __NAKED
                                    750 ;	---------------------------------
                                    751 ; Function BIOS_PlayPSG
                                    752 ; ---------------------------------
    000000F9                        753 _BIOS_PlayPSG::
                                    754 ;C:\Users\Jummy\Downloads\MSXgl-1.5.0b\engine/src/bios.c:740: __endasm;
    000000F9                        755 music_check:
    000000F9 3A 3F FB         [13]  756 	ld a, (0xFB3F)
    000000FC B7               [ 4]  757 	or a
    000000FD 20 15            [12]  758 	jr nz, music_notready
    000000FF                        759 music_play:
    000000FF F3               [ 4]  760 	di
    00000100 11 59 F9         [10]  761 	ld de, #0xF959
    00000103 01 12 00         [10]  762 	ld bc, #6*3
    00000106 ED B0            [21]  763 	ldir
    00000108 3E 01            [ 7]  764 	ld a, #1
    0000010A 32 40 FB         [13]  765 	ld (0xFB40), a
    0000010D CD 99 00         [17]  766 	call 0x0099
    00000110 FB               [ 4]  767 	ei
    00000111 3E 01            [ 7]  768 	ld a, #(1)
    00000113 C9               [10]  769 	ret
    00000114                        770 music_notready:
    00000114 AF               [ 4]  771 	xor a
    00000115 C9               [10]  772 	ret
                                    773 ;C:\Users\Jummy\Downloads\MSXgl-1.5.0b\engine/src/bios.c:741: }
                                    774 ;C:\Users\Jummy\Downloads\MSXgl-1.5.0b\engine/src/bios.c:759: u8 BIOS_HasCharacter() __NAKED
                                    775 ;	---------------------------------
                                    776 ; Function BIOS_HasCharacter
                                    777 ; ---------------------------------
    00000116                        778 _BIOS_HasCharacter::
                                    779 ;C:\Users\Jummy\Downloads\MSXgl-1.5.0b\engine/src/bios.c:767: __endasm;
    00000116 2E 00            [ 7]  780 	ld l, #0
    00000118 CD 9C 00         [17]  781 	call 0x009C
    0000011B C8               [11]  782 	ret z
    0000011C CD 9F 00         [17]  783 	call 0x009F
    0000011F C9               [10]  784 	ret
                                    785 ;C:\Users\Jummy\Downloads\MSXgl-1.5.0b\engine/src/bios.c:768: }
                                    786 ;C:\Users\Jummy\Downloads\MSXgl-1.5.0b\engine/src/bios.c:869: void BIOS_ClearScreen()
                                    787 ;	---------------------------------
                                    788 ; Function BIOS_ClearScreen
                                    789 ; ---------------------------------
    00000120                        790 _BIOS_ClearScreen::
                                    791 ;C:\Users\Jummy\Downloads\MSXgl-1.5.0b\engine/src/bios.c:874: __endasm;
    00000120 AF               [ 4]  792 	xor a, a
    00000121 CD C3 00         [17]  793 	call 0x00C3
                                    794 ;C:\Users\Jummy\Downloads\MSXgl-1.5.0b\engine/src/bios.c:875: }
    00000124 C9               [10]  795 	ret
                                    796 ;C:\Users\Jummy\Downloads\MSXgl-1.5.0b\engine/src/bios.c:884: void BIOS_TextSetCursor(u8 x, u8 y)
                                    797 ;	---------------------------------
                                    798 ; Function BIOS_TextSetCursor
                                    799 ; ---------------------------------
    00000125                        800 _BIOS_TextSetCursor::
                                    801 ;C:\Users\Jummy\Downloads\MSXgl-1.5.0b\engine/src/bios.c:892: __endasm;	
    00000125 67               [ 4]  802 	ld h, a
    00000126 CD C6 00         [17]  803 	call 0x00C6
                                    804 ;C:\Users\Jummy\Downloads\MSXgl-1.5.0b\engine/src/bios.c:893: }
    00000129 C9               [10]  805 	ret
                                    806 	.area _CODE
                                    807 	.area _INITIALIZER
                                    808 	.area _CABS (ABS)
