ASxxxx Linker V05.50.4-SDLD,  page 1.
Hexadecimal  [32-Bits]

Area                                    Addr        Size        Decimal Bytes (Attributes)
--------------------------------        ----        ----        ------- ----- ------------
.  .ABS.                            00000000    00000000 =           0. bytes (ABS,CON)

         Value  Global                             Global Defined In Module
         -----  --------------------------------   ------------------------
     00000000  .__.ABS.                           divunsigned
     00000000  _g_SUBRID                          bios
     00000000  l__BSEG                         
     00000000  l__BSS                          
     00000000  l__CABS                         
     00000000  l__DABS                         
     00000000  l__GSFINAL                      
     00000000  l__GSINIT                       
     00000000  l__HEADER                       
     00000000  l__HEADER0                      
     00000000  l__HEAP                         
     00000000  l__RODATA                       
     00000000  s__CABS                         
     00000000  s__DABS                         
     00000000  s__HEADER                       
     00000000  s__HEADER0                      
     00000002  _g_STRSRC                          bios
     00000004  _g_CGTABL                          system
     00000006  _g_VDP_DR                          system
     00000007  _g_VDP_DW                          system
     0000002B  _g_BASRVN                          system
     0000002B  _g_ROMVersion                      system
     0000002D  _g_MSXVER                          system
     0000002E  _g_MSXMID                          system
     00000030  l__INITIALIZED                  
     00000030  l__INITIALIZER                  
     00000034  _g_CHAR_16                         system
     00000222  l__HOME                         
     000003CB  l__DATA                         
     00004000  s__CODE                         
     0000431D  l__CODE                         
     0000831D  s__HOME                         
     0000853F  s__INITIALIZER                  
     0000853F  s__RODATA                       
     0000856F  s__GSFINAL                      
     0000856F  s__GSINIT                       
     0000C000  s__DATA                         
     0000C3CB  s__INITIALIZED                  
     0000C3FB  s__BSEG                         
     0000C3FB  s__BSS                          
     0000C3FB  s__HEAP                         
     0000F30F  _g_KANJTABLE                       bios
     0000F323  _g_DISKVE                          bios
     0000F325  _g_BREAKV                          bios
     0000F341  _g_RAMAD0                          bios
     0000F342  _g_RAMAD1                          bios
     0000F343  _g_RAMAD2                          bios
     0000F344  _g_RAMAD3                          bios
     0000F348  _g_MASTER                          bios
     0000F37D  _g_BDOS                            bios
ASxxxx Linker V05.50.4-SDLD,  page 2.
Hexadecimal  [32-Bits]

Area                                    Addr        Size        Decimal Bytes (Attributes)
--------------------------------        ----        ----        ------- ----- ------------
.  .ABS.                            00000000    00000000 =           0. bytes (ABS,CON)

         Value  Global                             Global Defined In Module
         -----  --------------------------------   ------------------------
     0000F380  _g_RDPRIM                          system
     0000F385  _g_WRPRIM                          system
     0000F38C  _g_CLPRIM                          system
     0000F39A  _g_USRTAB                          system
     0000F3AE  _g_LINL40                          system
     0000F3AF  _g_LINL32                          system
     0000F3B0  _g_LINLEN                          system
     0000F3B1  _g_CRTCNT                          system
     0000F3B2  _g_CLMLST                          system
     0000F3B3  _g_TXTNAM                          system
     0000F3B5  _g_TXTCOL                          system
     0000F3B7  _g_TXTCGP                          system
     0000F3B9  _g_TXTATR                          system
     0000F3BB  _g_TXTPAT                          system
     0000F3BD  _g_T32NAM                          system
     0000F3BF  _g_T32COL                          system
     0000F3C1  _g_T32CGP                          system
     0000F3C3  _g_T32ATR                          system
     0000F3C5  _g_T32PAT                          system
     0000F3C7  _g_GRPNAM                          system
     0000F3C9  _g_GRPCOL                          system
     0000F3CB  _g_GRPCGP                          system
     0000F3CD  _g_GRPATR                          system
     0000F3CF  _g_GRPPAT                          system
     0000F3D1  _g_MLTNAM                          system
     0000F3D3  _g_MLTCOL                          system
     0000F3D5  _g_MLTCGP                          system
     0000F3D7  _g_MLTATR                          system
     0000F3D9  _g_MLTPAT                          system
     0000F3DB  _g_CLIKSW                          system
     0000F3DC  _g_CSRY                            system
     0000F3DD  _g_CSRX                            system
     0000F3DE  _g_CNSDFG                          system
     0000F3DF  _g_RG0SAV                          system
     0000F3E0  _g_RG1SAV                          system
     0000F3E1  _g_RG2SAV                          system
     0000F3E2  _g_RG3SAV                          system
     0000F3E3  _g_RG4SAV                          system
     0000F3E4  _g_RG5SAV                          system
     0000F3E5  _g_RG6SAV                          system
     0000F3E6  _g_RG7SAV                          system
     0000F3E7  _g_STATFL                          system
     0000F3E8  _g_TRGFLG                          system
     0000F3E9  _g_FORCLR                          system
     0000F3EA  _g_BAKCLR                          system
     0000F3EB  _g_BDRCLR                          system
     0000F3EC  _g_MAXUPD                          system
     0000F3EF  _g_MINUPD                          system
     0000F3F2  _g_ATRBYT                          system
     0000F3F3  _g_QUEUES                          system
     0000F3F5  _g_FRCNEW                          system
ASxxxx Linker V05.50.4-SDLD,  page 3.
Hexadecimal  [32-Bits]

Area                                    Addr        Size        Decimal Bytes (Attributes)
--------------------------------        ----        ----        ------- ----- ------------
.  .ABS.                            00000000    00000000 =           0. bytes (ABS,CON)

         Value  Global                             Global Defined In Module
         -----  --------------------------------   ------------------------
     0000F3F6  _g_SCNCNT                          system
     0000F3F7  _g_REPCNT                          system
     0000F3F8  _g_PUTPNT                          system
     0000F3FA  _g_GETPNT                          system
     0000F3FC  _g_CS120                           system
     0000F401  _g_CS240                           system
     0000F406  _g_LOW                             system
     0000F408  _g_HIGH                            system
     0000F40A  _g_HEADER                          system
     0000F40B  _g_ASPCT1                          system
     0000F40D  _g_ASPCT2                          system
     0000F87F  _g_FNKSTR                          system
     0000F92A  _g_CLOC                            system
     0000F92C  _g_CMASK                           system
     0000F959  _g_QUETAB                          system
     0000F971  _g_QUEBAK                          system
     0000F975  _g_VOICAQ                          system
     0000F9F5  _g_VOICBQ                          system
     0000FA75  _g_VOICCQ                          system
     0000FAF5  _g_DPPAGE                          system
     0000FAF5  _g_RS2IQ                           system
     0000FAF6  _g_ACPAGE                          system
     0000FAF7  _g_AVCSAV                          system
     0000FAF8  _g_EXBRSA                          system
     0000FAF9  _g_CHRCNT                          system
     0000FAFA  _g_ROMA                            system
     0000FAFC  _g_MODE                            system
     0000FAFD  _g_NORUSE                          system
     0000FAFE  _g_XSAVE                           system
     0000FB00  _g_YSAVE                           system
     0000FB02  _g_LOGOPR                          system
     0000FB03  _g_RSTMP                           system
     0000FB03  _g_TOCNT                           system
     0000FB04  _g_RSFCB                           system
     0000FB06  _g_RSIQLN                          system
     0000FB07  _g_MEXBIh                          system
     0000FB0C  _g_OLDINT                          system
     0000FB0C  _g_OLDSTT                          system
     0000FB16  _g_DEVNUM                          system
     0000FB17  _g_DATCNT                          system
     0000FB1A  _g_ERRORS                          system
     0000FB1B  _g_FLAGS                           system
     0000FB1C  _g_ESTBLS                          system
     0000FB1D  _g_COMMSK                          system
     0000FB1E  _g_LSTCOM                          system
     0000FB1F  _g_LSTMOD                          system
     0000FB35  _g_PRSCNT                          system
     0000FB36  _g_SAVSP                           system
     0000FB38  _g_VOICEN                          system
     0000FB39  _g_SAVVOL                          system
     0000FB3B  _g_MCLLEN                          system
ASxxxx Linker V05.50.4-SDLD,  page 4.
Hexadecimal  [32-Bits]

Area                                    Addr        Size        Decimal Bytes (Attributes)
--------------------------------        ----        ----        ------- ----- ------------
.  .ABS.                            00000000    00000000 =           0. bytes (ABS,CON)

         Value  Global                             Global Defined In Module
         -----  --------------------------------   ------------------------
     0000FB3C  _g_MCLPTR                          system
     0000FB3E  _g_QUEUEN                          system
     0000FB3F  _g_MUSICF                          system
     0000FB40  _g_PLYCNT                          system
     0000FB41  _g_VCBA                            system
     0000FB66  _g_VCBB                            system
     0000FB8B  _g_VCBC                            system
     0000FBB0  _g_ENSTOP                          system
     0000FBB1  _g_BASROM                          system
     0000FBB2  _g_LINTTB                          system
     0000FBCA  _g_FSTPOS                          system
     0000FBCC  _g_CODSAV                          system
     0000FBCD  _g_FNKSWI                          system
     0000FBCE  _g_FNKFLG                          system
     0000FBD8  _g_ONGSBF                          system
     0000FBD9  _g_CLIKFL                          system
     0000FBDA  _g_OLDKEY                          system
     0000FBE5  _g_NEWKEY                          system
     0000FBF0  _g_KEYBUF                          system
     0000FC18  _g_LINWRK                          system
     0000FC40  _g_PATWRK                          system
     0000FC48  _g_BOTTOM                          system
     0000FC4A  _g_HIMEM                           system
     0000FC4C  _g_TRPTBL                          system
     0000FC9A  _g_RTYCNT                          system
     0000FC9B  _g_INTFLG                          system
     0000FC9C  _g_PADY                            system
     0000FC9D  _g_PADX                            system
     0000FC9E  _g_JIFFY                           system
     0000FCA0  _g_INTVAL                          system
     0000FCA2  _g_INTCNT                          system
     0000FCA4  _g_LOWLIM                          system
     0000FCA5  _g_WINWID                          system
     0000FCA6  _g_GRPHED                          system
     0000FCA7  _g_ESCCNT                          system
     0000FCA8  _g_INSFLG                          system
     0000FCA9  _g_CSRSW                           system
     0000FCAA  _g_CSTYLE                          system
     0000FCAB  _g_CAPST                           system
     0000FCAC  _g_KANAST                          system
     0000FCAD  _g_KANAMD                          system
     0000FCAE  _g_FLBMEM                          system
     0000FCAF  _g_SCRMOD                          system
     0000FCB0  _g_OLDSCR                          system
     0000FCB1  _g_CASPRV                          system
     0000FCB2  _g_BRDATR                          system
     0000FCB3  _g_GXPOS                           system
     0000FCB5  _g_GYPOS                           system
     0000FCB7  _g_GRPACX                          system
     0000FCB9  _g_GRPACY                          system
     0000FCBB  _g_DRWFLG                          system
ASxxxx Linker V05.50.4-SDLD,  page 5.
Hexadecimal  [32-Bits]

Area                                    Addr        Size        Decimal Bytes (Attributes)
--------------------------------        ----        ----        ------- ----- ------------
.  .ABS.                            00000000    00000000 =           0. bytes (ABS,CON)

         Value  Global                             Global Defined In Module
         -----  --------------------------------   ------------------------
     0000FCBC  _g_DRWSCL                          system
     0000FCBD  _g_DRWANG                          system
     0000FCC1  _g_EXPTBL                          system
     0000FCC1  _g_MNROM                           system
     0000FCC5  _g_SLTTBL                          system
     0000FCC9  _g_SLTATR                          system
     0000FD09  _g_SLTWRK                          system
     0000FD89  _g_PROCNM                          system
     0000FFE7  _g_RG08SAV                         system
     0000FFE8  _g_RG09SAV                         system
     0000FFE9  _g_RG10SAV                         system
     0000FFEA  _g_RG11SAV                         system
     0000FFEB  _g_RG12SAV                         system
     0000FFEC  _g_RG13SAV                         system
     0000FFED  _g_RG14SAV                         system
     0000FFEE  _g_RG15SAV                         system
     0000FFEF  _g_RG16SAV                         system
     0000FFF0  _g_RG17SAV                         system
     0000FFF1  _g_RG18SAV                         system
     0000FFF2  _g_RG19SAV                         system
     0000FFF3  _g_RG20SAV                         system
     0000FFF4  _g_RG21SAV                         system
     0000FFF5  _g_RG22SAV                         system
     0000FFF6  _g_RG23SAV                         system
     0000FFF7  _g_MINROM                          system
     0000FFF8  _g_SVFFF8                          system
     0000FFFA  _g_RG25SAV                         system
     0000FFFB  _g_RG26SAV                         system
     0000FFFC  _g_RG27SAV                         system
     0000FFFD  _g_SVFFFD                          system
     0000FFFF  _g_SLTSL                           system
ASxxxx Linker V05.50.4-SDLD,  page 6.
Hexadecimal  [32-Bits]

Area                                    Addr        Size        Decimal Bytes (Attributes)
--------------------------------        ----        ----        ------- ----- ------------
_CODE                               00004000    0000431D =       17181. bytes (REL,CON)

         Value  Global                             Global Defined In Module
         -----  --------------------------------   ------------------------
     00004000  _g_FirstAddr                       crt0
     00004000  _g_HeaderAddr                      crt0
     00004000  crt0_rom_header                    crt0
     00004010  _g_AppSignature                    crt0
     00004023  crt0_p1_to_p2                      crt0
     00004041  crt0_init_globals                  crt0
     00004056  _InitGraphics                      bluebakas
     000040F0  _g_Font_PETSCII                    bluebakas
     000043F4  _g_Map                             bluebakas
     000046B4  _g_Tiles_Patterns                  bluebakas
     000047B4  _g_Meanie8x8                       bluebakas
     000047BC  _g_Explosion8x8                    bluebakas
     000047DC  _g_Fuel8x8                         bluebakas
     000047E4  _g_sfx                             bluebakas
     00004917  _VBlankHook                        bluebakas
     0000491D  _InitSound                         bluebakas
     0000493E  _PlaySFX                           bluebakas
     00004941  _OnSFXFinished                     bluebakas
     0000495B  _ResetGameplayFlags                bluebakas
     0000496C  _AnyKeyDown                        bluebakas
     00004997  _WaitForCleanKeyPress              bluebakas
     000049AD  _InitMeanie                        bluebakas
     00004A3B  _g_MeanieSprite                    bluebakas
     00004A40  _g_MeanieFrames                    bluebakas
     00004A44  _g_MeanieActions                   bluebakas
     00004A49  _InitFuel                          bluebakas
     00004A82  _g_FuelSprite                      bluebakas
     00004A87  _g_FuelFrames                      bluebakas
     00004A8B  _g_FuelActions                     bluebakas
     00004A90  _SpawnFuel                         bluebakas
     00004AC6  _DespawnFuel                       bluebakas
     00004ADD  _TrySpawnFuel                      bluebakas
     00004AF4  _FuelHitsSolidTile                 bluebakas
     00004B70  _UpdateFuel                        bluebakas
     00004C91  _UpdateFuelSound                   bluebakas
     00004CC0  _PickFuelRespawnDelay              bluebakas
     00004CD9  _InitExplosion                     bluebakas
     00004D02  _g_ExplosionSprite                 bluebakas
     00004D16  _g_ExplosionFrames                 bluebakas
     00004D1A  _g_ExplosionActions                bluebakas
     00004D1F  _StartExplosion                    bluebakas
     00004D7C  _UpdateExplosion                   bluebakas
     00004DA5  _GetMapIndex                       bluebakas
     00004DB2  _GetMapTile                        bluebakas
     00004DC9  _GetOriginalMapTile                bluebakas
     00004DE4  _SetMapTile                        bluebakas
     00004E17  _IsDestroyableTile                 bluebakas
     00004E23  _IsExplosionDestroyableTile        bluebakas
     00004E2F  _ExplosionDestroyTilesAt           bluebakas
     00004ECB  _InitRepairRobot                   bluebakas
ASxxxx Linker V05.50.4-SDLD,  page 7.
Hexadecimal  [32-Bits]

Area                                    Addr        Size        Decimal Bytes (Attributes)
--------------------------------        ----        ----        ------- ----- ------------
_CODE                               00004000    0000431D =       17181. bytes (REL,CON)

         Value  Global                             Global Defined In Module
         -----  --------------------------------   ------------------------
     00004F3A  _MoveRepairRobot                   bluebakas
     00004FB4  _RepairRobotTile                   bluebakas
     0000500B  _UpdateRepairRobot                 bluebakas
     0000508D  _HasLaserOnScreen                  bluebakas
     000050B0  _CanFireLaser                      bluebakas
     000050D1  _LaserHitsFuelAtTile               bluebakas
     000051DA  _LaserHitsMeanieAtTile             bluebakas
     000053A0  _StartLaser                        bluebakas
     0000541C  _UpdateActiveLaser                 bluebakas
     0000556C  _UpdateLaser                       bluebakas
     0000562C  _Rand16                            bluebakas
     00005684  _Rand8                             bluebakas
     00005689  _RandRange                         bluebakas
     000056B0  _PickMeanieSideMove                bluebakas
     000056F1  _SpawnMeanie                       bluebakas
     00005753  _TrySpawnMeanie                    bluebakas
     0000577F  _CheckMeaniePoint                  bluebakas
     000057E4  _CheckMeanieCrashAt                bluebakas
     0000589E  _DestroyMapTile                    bluebakas
     0000594D  _UpdateOneMeanie                   bluebakas
     00005B9B  _UpdateMeanie                      bluebakas
     00005C02  _ShowTitleScreen                   bluebakas
     00005D33  _ShowMeanerScreen                  bluebakas
     00005D7C  _LoadMap                           bluebakas
     00005D97  _LoadLevel                         bluebakas
     00005DA6  _DrawInt4At                        bluebakas
     00005EDA  _DrawHUD                           bluebakas
     00005F5C  _main                              bluebakas
     00005FC8  _PSG_SetRegister                   psg
     00005FD2  _PSG_GetRegister                   psg
     00005FDB  _PSG_SetTone                       psg
     00005FE7  _PSG_SetNoise                      psg
     00005FED  _PSG_SetMixer                      psg
     00005FF2  _PSG_SetVolume                     psg
     00005FFC  _PSG_SetEnvelope                   psg
     00006000  _PSG_SetShape                      psg
     00006006  _PSG_EnableTone                    psg
     00006021  _PSG_EnableNoise                   psg
     0000603C  _PSG_EnableEnvelope                psg
     0000604F  _PSG_Mute                          psg
     0000606C  _PSG_Resume                        psg
     00006087  _PSG_Apply                         psg
     000060ED  _Print_Initialize                  print
     00006142  _g_HexChar                         print
     00006152  _Print_SetMode                     print
     00006168  _Print_SetFont                     print
     00006241  _Print_SetColor                    print
     000062B5  _Print_SetColorShade               print
     00006324  _Print_ValidateChar                print
     00006370  _Print_ValidatePattern             print
     00006416  _CopyNo8HeightFontData             print
ASxxxx Linker V05.50.4-SDLD,  page 8.
Hexadecimal  [32-Bits]

Area                                    Addr        Size        Decimal Bytes (Attributes)
--------------------------------        ----        ----        ------- ----- ------------
_CODE                               00004000    0000431D =       17181. bytes (REL,CON)

         Value  Global                             Global Defined In Module
         -----  --------------------------------   ------------------------
     00006462  _Print_SetTextFont                 print
     000065FD  _DrawChar_Layout                   print
     0000663F  _Print_Clear                       print
     00006653  _Print_Backspace                   print
     00006696  _Print_DrawChar                    print
     000066BE  _Print_DrawCharX                   print
     000066D0  _Print_DrawText                    print
     00006707  _Print_DrawBin8                    print
     00006724  _Print_DrawHex8                    print
     00006746  _Print_DrawHex16                   print
     00006750  _Print_DrawHex32                   print
     0000675B  _Print_DrawInt                     print
     00006825  _Print_DrawFormat                  print
     00006F26  _Print_DrawLineH                   print
     00006F43  _Print_DrawLineV                   print
     00006F74  _Print_DrawBox                     print
     00007003  _VDP_SetModeFlag                   vdp
     0000702C  _VDP_SetModeText1                  vdp
     0000703D  _VDP_SetModeMultiColor             vdp
     0000705A  _VDP_SetModeGraphic1               vdp
     0000707C  _VDP_SetModeGraphic2               vdp
     0000709F  _VDP_ClearVRAM                     vdp
     000070AB  _VDP_WriteVRAM_16K                 vdp
     000070D4  _VDP_FillVRAM_16K                  vdp
     000070F3  _VDP_ReadVRAM_16K                  vdp
     0000711B  _VDP_Peek_16K                      vdp
     00007129  _VDP_Poke_16K                      vdp
     0000713B  _VDP_Initialize                    vdp
     0000714C  _VDP_SetMode                       vdp
     0000719C  _VDP_GetVersion                    vdp
     000071EB  _VDP_RegWrite                      vdp
     000071F7  _VDP_RegWriteBak                   vdp
     0000720A  _VDP_RegWriteBakMask               vdp
     0000722D  _VDP_ReadDefaultStatus             vdp
     00007230  _VDP_SetLayoutTable                vdp
     00007240  _VDP_SetColorTable                 vdp
     00007257  _VDP_SetPatternTable               vdp
     00007272  _VDP_SetSpriteAttributeTable       vdp
     000072A3  _VDP_SetSpritePatternTable         vdp
     000072B4  _VDP_LoadSpritePattern             vdp
     000072DF  _VDP_SetSpriteSM1                  vdp
     00007317  _VDP_SetSprite                     vdp
     0000734C  _VDP_SetSpritePosition             vdp
     00007379  _VDP_SetSpritePositionX            vdp
     0000738A  _VDP_SetSpritePositionY            vdp
     0000739A  _VDP_SetSpritePattern              vdp
     000073AC  _VDP_SetSpriteColorSM1             vdp
     000073C0  _VDP_DisableSpritesFrom            vdp
     000073C5  _VDP_LoadPattern_GM2               vdp
     00007421  _VDP_LoadColor_GM2                 vdp
     0000747D  _VDP_WriteLayout_GM2               vdp
ASxxxx Linker V05.50.4-SDLD,  page 9.
Hexadecimal  [32-Bits]

Area                                    Addr        Size        Decimal Bytes (Attributes)
--------------------------------        ----        ----        ------- ----- ------------
_CODE                               00004000    0000431D =       17181. bytes (REL,CON)

         Value  Global                             Global Defined In Module
         -----  --------------------------------   ------------------------
     000074DE  _VDP_FillLayout_GM2                vdp
     00007521  _ayFX_InitBank                     ayfx_player
     00007525  _ayFX_PlayBank                     ayfx_player
     00007556  _ayFX_Play                         ayfx_player
     0000755E  _ayFX_Update                       ayfx_player
     000075F7  _ayFX_Mute                         ayfx_player
     00007611  _ayFX_Stop                         ayfx_player
     00007617  _PawnSprite_Enable                 pawn
     00007618  _PawnSprite_Disable                pawn
     0000761D  _PawnSprite_Initialize             pawn
     00007635  _Pawn_ParseSprite                  pawn
     00007671  _Pawn_Initialize                   pawn
     000076C9  _Pawn_SetPosition                  pawn
     000076F7  _Pawn_ForceSetAction               pawn
     0000771C  _Pawn_SetAction                    pawn
     00007762  _Pawn_SetEnable                    pawn
     0000779F  _Pawn_UpdateAnimation              pawn
     000079B1  _Pawn_UpdatePhysics                pawn
     00007E92  _Pawn_Update                       pawn
     00007EAC  _Pawn_Draw                         pawn
     00007FA5  _Pawn_SetMovement                  pawn
     00007FC7  _Pawn_InitializePhysics            pawn
     00007FFB  __mulint                           mul
     00007FFD  __mul16                            mul
     00008012  ___sdcc_call_hl                    
     00008013  _Input_Detect                      input
     00008030  _Joystick_Read                     input
     00008041  _Mouse_Read                        input
     000080A8  _Keyboard_Read                     input
     000080B3  _BIOS_Exit                         bios
     000080BB  _BIOS_SetHookCallback              bios
     000080D8  _BIOS_InterSlotRead                bios
     000080DE  _BIOS_InterSlotWrite               bios
     000080F4  _BIOS_InterSlotCall                bios
     00008106  _BIOS_SwitchSlot                   bios
     00008112  _BIOS_WriteVDP                     bios
     00008118  _BIOS_WriteVRAM                    bios
     0000811D  _BIOS_FillVRAM                     bios
     0000812E  _BIOS_CopyFromVRAM                 bios
     00008140  _BIOS_CopyToVRAM                   bios
     00008152  _BIOS_InitScreen3Ex                bios
     0000819D  _BIOS_GetSpritePatternAddress      bios
     000081A2  _BIOS_GetSpriteAttributeAddress    bios
     000081A7  _BIOS_WritePSG                     bios
     000081AC  _BIOS_PlayPSG                      bios
     000081C9  _BIOS_HasCharacter                 bios
     000081D3  _BIOS_ClearScreen                  bios
     000081D8  _BIOS_TextSetCursor                bios
     000081DD  ___sdcc_call_iy                    
     000081DF  _Sys_GetPageSlot                   system
     00008233  _Sys_SetPageSlot                   system
ASxxxx Linker V05.50.4-SDLD,  page 10.
Hexadecimal  [32-Bits]

Area                                    Addr        Size        Decimal Bytes (Attributes)
--------------------------------        ----        ----        ------- ----- ------------
_CODE                               00004000    0000431D =       17181. bytes (REL,CON)

         Value  Global                             Global Defined In Module
         -----  --------------------------------   ------------------------
     00008234  _Sys_SetPage0Slot                  system
     00008279  _Sys_CheckSlot                     system
     000082DD  __moduchar                         modunsigned
     000082E4  __moduint                          modunsigned
     000082E9  __divuchar                         divunsigned
     000082EB  __divu8                            divunsigned
     000082EE  __divu16                           divunsigned
     000082EE  __divuint                          divunsigned

ASxxxx Linker V05.50.4-SDLD,  page 11.
Hexadecimal  [32-Bits]

Area                                    Addr        Size        Decimal Bytes (Attributes)
--------------------------------        ----        ----        ------- ----- ------------
_HOME                               0000831D    00000222 =         546. bytes (REL,CON)

         Value  Global                             Global Defined In Module
         -----  --------------------------------   ------------------------
     0000831D  __modslong                         _modslong
     000083A5  __modulong                         _modulong
     0000842C  __divslong                         _divslong
     000084BC  __divulong                         _divulong

ASxxxx Linker V05.50.4-SDLD,  page 12.
Hexadecimal  [32-Bits]

Area                                    Addr        Size        Decimal Bytes (Attributes)
--------------------------------        ----        ----        ------- ----- ------------
_INITIALIZER                        0000853F    00000030 =          48. bytes (REL,CON)

         Value  Global                             Global Defined In Module
         -----  --------------------------------   ------------------------
ASxxxx Linker V05.50.4-SDLD,  page 13.
Hexadecimal  [32-Bits]

Area                                    Addr        Size        Decimal Bytes (Attributes)
--------------------------------        ----        ----        ------- ----- ------------
_GSFINAL                            0000856F    00000000 =           0. bytes (REL,CON)

         Value  Global                             Global Defined In Module
         -----  --------------------------------   ------------------------
     0000856F  _g_LastAddr                        crt0

ASxxxx Linker V05.50.4-SDLD,  page 14.
Hexadecimal  [32-Bits]

Area                                    Addr        Size        Decimal Bytes (Attributes)
--------------------------------        ----        ----        ------- ----- ------------
_DATA                               0000C000    000003CB =         971. bytes (REL,CON)

         Value  Global                             Global Defined In Module
         -----  --------------------------------   ------------------------
     0000C000  _g_HeapStartAddress                crt0
     0000C002  _g_ROMSlotID                       crt0
     0000C003  _g_Meanies                         bluebakas
     0000C049  _g_Fuel                            bluebakas
     0000C060  _g_Explosion                       bluebakas
     0000C077  _g_RamMap                          bluebakas
     0000C337  _g_PSG_Regs                        psg
     0000C347  _g_PSG_VolumeBackup                psg
     0000C34A  _g_PrintData                       print
     0000C378  _g_VDP_REGSAV                      vdp
     0000C394  _g_VDP_Data                        vdp
     0000C396  _g_VDP_Command                     vdp
     0000C3A5  _g_VDP_Sprite                      vdp
     0000C3A9  _g_ScreenLayoutLow                 vdp
     0000C3AB  _g_ScreenColorLow                  vdp
     0000C3AD  _g_ScreenPatternLow                vdp
     0000C3AF  _g_SpriteAttributeLow              vdp
     0000C3B1  _g_SpritePatternLow                vdp
     0000C3B3  _g_SpriteColorLow                  vdp
     0000C3B5  _ayFX_Bank                         ayfx_player
     0000C3B7  _ayFX_Pointer                      ayfx_player
     0000C3B9  _ayFX_Tone                         ayfx_player
     0000C3BB  _ayFX_Noise                        ayfx_player
     0000C3BC  _ayFX_Volume                       ayfx_player
     0000C3C5  _g_Pawn_CellX                      pawn
     0000C3C6  _g_Pawn_CellY                      pawn
     0000C3C7  _g_Pawn_FrameOffset                pawn
     0000C3C8  _g_Mouse_OffsetX                   input
     0000C3C9  _g_Mouse_OffsetY                   input
     0000C3CA  _g_Mouse_Buttons                   input
ASxxxx Linker V05.50.4-SDLD,  page 15.
Hexadecimal  [32-Bits]

Area                                    Addr        Size        Decimal Bytes (Attributes)
--------------------------------        ----        ----        ------- ----- ------------
_INITIALIZED                        0000C3CB    00000030 =          48. bytes (REL,CON)

         Value  Global                             Global Defined In Module
         -----  --------------------------------   ------------------------
     0000C3CB  _Score                             bluebakas
     0000C3CC  _Energy                            bluebakas
     0000C3CE  _g_FuelActive                      bluebakas
     0000C3CF  _g_ExplosionActive                 bluebakas
     0000C3D0  _g_FuelXFix                        bluebakas
     0000C3D2  _g_FuelYFix                        bluebakas
     0000C3D4  _g_FuelSpawnDelay                  bluebakas
     0000C3D6  _g_Rand                            bluebakas
     0000C3D8  _g_FuelSoundWanted                 bluebakas
     0000C3D9  _g_FuelSoundRestart                bluebakas
     0000C3DA  _g_GameOverToTitle                 bluebakas
     0000C3DB  _g_GameOverSoundDone               bluebakas
     0000C3DC  _g_RobotTileX                      bluebakas
     0000C3DD  _g_RobotTileY                      bluebakas
     0000C3DE  _g_RobotUnderTile                  bluebakas
     0000C3DF  _g_KeyRow8Prev                     bluebakas
     0000C3E0  _g_RobotMoveDelay                  bluebakas
     0000C3E1  _g_LaserActive                     bluebakas
     0000C3E2  _g_LaserErasing                    bluebakas
     0000C3E3  _g_ShowGoodHit                     bluebakas
     0000C3E4  _g_hasHUDChanged                   bluebakas
     0000C3E5  _g_LaserTileX                      bluebakas
     0000C3E6  _g_LaserTileY                      bluebakas
     0000C3E7  _g_LaserTile                       bluebakas
     0000C3E8  _g_LaserDir                        bluebakas
     0000C3E9  _g_LaserStepDelay                  bluebakas
     0000C3EA  _g_KeyRow2Prev                     bluebakas
     0000C3EB  _g_KeyRow4Prev                     bluebakas
     0000C3EC  _g_KeyRow5Prev                     bluebakas
     0000C3ED  _g_PrintInvalid                    print
     0000C3F5  _g_VDPInitilized                   vdp
     0000C3F6  _ayFX_Mode                         ayfx_player
     0000C3F7  _ayFX_Priority                     ayfx_player
     0000C3F8  _ayFX_Channel                      ayfx_player
     0000C3F9  _ayFX_Finish                       ayfx_player

ASxxxx Linker V05.50.4-SDLD,  page 16.

Files Linked                              [ module(s) ]

C:\Users\Jummy\Downloads\MSXgl-1.5.0b\projects\bluebakassc1/out/crt0_rom32.rel
                                          [ crt0 ]
C:\Users\Jummy\Downloads\MSXgl-1.5.0b\projects\bluebakassc1/out/bluebakas.rel
                                          [ bluebakas ]


Libraries Linked                          [ object file ]

C:\Users\Jummy\Downloads\MSXgl-1.5.0b\projects\bluebakassc1/out/msxgl.lib
                                          [ psg.rel ]
C:\Users\Jummy\Downloads\MSXgl-1.5.0b\projects\bluebakassc1/out/msxgl.lib
                                          [ print.rel ]
C:\Users\Jummy\Downloads\MSXgl-1.5.0b\projects\bluebakassc1/out/msxgl.lib
                                          [ vdp.rel ]
C:\Users\Jummy\Downloads\MSXgl-1.5.0b\projects\bluebakassc1/out/msxgl.lib
                                          [ ayfx_player.rel ]
C:\Users\Jummy\Downloads\MSXgl-1.5.0b\projects\bluebakassc1/out/msxgl.lib
                                          [ pawn.rel ]
C:\Users\Jummy\Downloads\MSXgl-1.5.0b\tools/sdcc/lib/z80/z80.lib
                                          [ mul.rel ]
C:\Users\Jummy\Downloads\MSXgl-1.5.0b\tools/sdcc/lib/z80/z80.lib
                                          [ _modslong.rel ]
C:\Users\Jummy\Downloads\MSXgl-1.5.0b\tools/sdcc/lib/z80/z80.lib
                                          [ _modulong.rel ]
C:\Users\Jummy\Downloads\MSXgl-1.5.0b\tools/sdcc/lib/z80/z80.lib
                                          [ _divslong.rel ]
C:\Users\Jummy\Downloads\MSXgl-1.5.0b\tools/sdcc/lib/z80/z80.lib
                                          [ _divulong.rel ]
C:\Users\Jummy\Downloads\MSXgl-1.5.0b\tools/sdcc/lib/z80/z80.lib
                                          [ __sdcc_call_hl.rel ]
C:\Users\Jummy\Downloads\MSXgl-1.5.0b\projects\bluebakassc1/out/msxgl.lib
                                          [ input.rel ]
C:\Users\Jummy\Downloads\MSXgl-1.5.0b\projects\bluebakassc1/out/msxgl.lib
                                          [ bios.rel ]
C:\Users\Jummy\Downloads\MSXgl-1.5.0b\tools/sdcc/lib/z80/z80.lib
                                          [ __sdcc_call_iy.rel ]
C:\Users\Jummy\Downloads\MSXgl-1.5.0b\projects\bluebakassc1/out/msxgl.lib
                                          [ system.rel ]
C:\Users\Jummy\Downloads\MSXgl-1.5.0b\tools/sdcc/lib/z80/z80.lib
                                          [ modunsigned.rel ]
C:\Users\Jummy\Downloads\MSXgl-1.5.0b\tools/sdcc/lib/z80/z80.lib
                                          [ divunsigned.rel ]

ASxxxx Linker V05.50.4-SDLD,  page 17.

User Base Address Definitions

_CODE = 0x4000
_DATA = 0xc000

