                                      1 ;--------------------------------------------------------
                                      2 ; File Created by SDCC : free open source ISO C Compiler
                                      3 ; Version 4.6.0 #16555 (MINGW64)
                                      4 ;--------------------------------------------------------
                                      5 	.module psg
                                      6 	
                                      7 	.optsdcc -mz80 sdcccall(1)
                                      8 ;--------------------------------------------------------
                                      9 ; Public variables in this module
                                     10 ;--------------------------------------------------------
                                     11 	.globl _g_PSG_VolumeBackup
                                     12 	.globl _g_PSG_Regs
                                     13 	.globl _PSG_SetRegister
                                     14 	.globl _PSG_GetRegister
                                     15 	.globl _PSG_SetTone
                                     16 	.globl _PSG_SetNoise
                                     17 	.globl _PSG_SetMixer
                                     18 	.globl _PSG_SetVolume
                                     19 	.globl _PSG_SetEnvelope
                                     20 	.globl _PSG_SetShape
                                     21 	.globl _PSG_EnableTone
                                     22 	.globl _PSG_EnableNoise
                                     23 	.globl _PSG_EnableEnvelope
                                     24 	.globl _PSG_Mute
                                     25 	.globl _PSG_Resume
                                     26 	.globl _PSG_Apply
                                     27 ;--------------------------------------------------------
                                     28 ; special function registers
                                     29 ;--------------------------------------------------------
                         000000A0    30 _g_PSG_RegPort	=	0x00a0
                         000000A1    31 _g_PSG_DataPort	=	0x00a1
                         000000A2    32 _g_PSG_StatPort	=	0x00a2
                         00000010    33 _g_PSG_Ext_RegPort	=	0x0010
                         00000011    34 _g_PSG_Ext_DataPort	=	0x0011
                         00000012    35 _g_PSG_Ext_StatPort	=	0x0012
                         00000090    36 _g_Printer_ControlPort	=	0x0090
                         00000091    37 _g_Printer_DataPort	=	0x0091
                         0000007C    38 _g_MSXMusic_IndexPort	=	0x007c
                         0000007D    39 _g_MSXMusic_DataPort	=	0x007d
                         00000098    40 _g_VDP_DataPort	=	0x0098
                         00000099    41 _g_VDP_RegPort	=	0x0099
                         00000099    42 _g_VDP_AddrPort	=	0x0099
                         00000099    43 _g_VDP_StatPort	=	0x0099
                         000000A8    44 _g_PortPrimarySlot	=	0x00a8
                         000000A9    45 _g_PortReadKeyboard	=	0x00a9
                         000000AA    46 _g_PortAccessKeyboard	=	0x00aa
                         000000AB    47 _g_PortControl	=	0x00ab
                         000000B4    48 _g_RTC_AddrPort	=	0x00b4
                         000000B5    49 _g_RTC_DataPort	=	0x00b5
                         000000C0    50 _g_MSXAudio_IndexPort	=	0x00c0
                         000000C1    51 _g_MSXAudio_DataPort	=	0x00c1
                         000000C2    52 _g_MSXAudio_IndexPort2	=	0x00c2
                         000000C3    53 _g_MSXAudio_DataPort2	=	0x00c3
                         000000D8    54 _g_Kanji_Level1LowPort	=	0x00d8
                         000000D9    55 _g_Kanji_Level1HighPort	=	0x00d9
                         000000DA    56 _g_Kanji_Level2LowPort	=	0x00da
                         000000DB    57 _g_Kanji_Level2HighPort	=	0x00db
                                     58 ;--------------------------------------------------------
                                     59 ; ram data
                                     60 ;--------------------------------------------------------
                                     61 	.area _DATA
    00000000                         62 _g_PSG_Regs::
    00000000                         63 	.ds 16
    00000010                         64 _g_PSG_VolumeBackup::
    00000010                         65 	.ds 3
                                     66 ;--------------------------------------------------------
                                     67 ; ram data
                                     68 ;--------------------------------------------------------
                                     69 	.area _INITIALIZED
                                     70 ;--------------------------------------------------------
                                     71 ; absolute ram data
                                     72 ;--------------------------------------------------------
                                     73 	.area _DABS (ABS)
                                     74 	.area _DABS (ABS)
                                     75 ;--------------------------------------------------------
                                     76 ; global & static initialisations
                                     77 ;--------------------------------------------------------
                                     78 	.area _HOME
                                     79 	.area _GSINIT
                                     80 	.area _GSFINAL
                                     81 	.area _GSINIT
                                     82 ;--------------------------------------------------------
                                     83 ; Home
                                     84 ;--------------------------------------------------------
                                     85 	.area _HOME
                                     86 	.area _HOME
                                     87 ;--------------------------------------------------------
                                     88 ; code
                                     89 ;--------------------------------------------------------
                                     90 	.area _CODE
                                     91 ;C:\Users\Jummy\Downloads\MSXgl-1.5.0b\engine/src/psg.c:60: void PSG_SetRegister(u8 reg, u8 value)
                                     92 ;	---------------------------------
                                     93 ; Function PSG_SetRegister
                                     94 ; ---------------------------------
    00000000                         95 _PSG_SetRegister::
    00000000 5F               [ 4]   96 	ld	e, a
    00000001 4D               [ 4]   97 	ld	c, l
                                     98 ;C:\Users\Jummy\Downloads\MSXgl-1.5.0b\engine/src/psg.c:64: u8* ptr = (u8*)g_PSG_Regs;
    00000002 21r00r00         [10]   99 	ld	hl, #_g_PSG_Regs+0
                                    100 ;C:\Users\Jummy\Downloads\MSXgl-1.5.0b\engine/src/psg.c:65: ptr += reg;
    00000005 16 00            [ 7]  101 	ld	d, #0x00
    00000007 19               [11]  102 	add	hl, de
                                    103 ;C:\Users\Jummy\Downloads\MSXgl-1.5.0b\engine/src/psg.c:66: *ptr = value;
    00000008 71               [ 7]  104 	ld	(hl), c
                                    105 ;C:\Users\Jummy\Downloads\MSXgl-1.5.0b\engine/src/psg.c:74: }
    00000009 C9               [10]  106 	ret
                                    107 ;C:\Users\Jummy\Downloads\MSXgl-1.5.0b\engine/src/psg.c:78: u8 PSG_GetRegister(u8 reg)
                                    108 ;	---------------------------------
                                    109 ; Function PSG_GetRegister
                                    110 ; ---------------------------------
    0000000A                        111 _PSG_GetRegister::
    0000000A 4F               [ 4]  112 	ld	c, a
                                    113 ;C:\Users\Jummy\Downloads\MSXgl-1.5.0b\engine/src/psg.c:82: u8* ptr = (u8*)g_PSG_Regs;
                                    114 ;C:\Users\Jummy\Downloads\MSXgl-1.5.0b\engine/src/psg.c:83: ptr += reg;
    0000000B 21r00r00         [10]  115 	ld	hl, #_g_PSG_Regs
    0000000E 06 00            [ 7]  116 	ld	b, #0x00
    00000010 09               [11]  117 	add	hl, bc
                                    118 ;C:\Users\Jummy\Downloads\MSXgl-1.5.0b\engine/src/psg.c:84: return *ptr;
    00000011 7E               [ 7]  119 	ld	a, (hl)
                                    120 ;C:\Users\Jummy\Downloads\MSXgl-1.5.0b\engine/src/psg.c:92: }
    00000012 C9               [10]  121 	ret
                                    122 ;C:\Users\Jummy\Downloads\MSXgl-1.5.0b\engine/src/psg.c:98: void PSG_SetTone(u8 chan, u16 period)
                                    123 ;	---------------------------------
                                    124 ; Function PSG_SetTone
                                    125 ; ---------------------------------
    00000013                        126 _PSG_SetTone::
    00000013 6F               [ 4]  127 	ld	l, a
                                    128 ;C:\Users\Jummy\Downloads\MSXgl-1.5.0b\engine/src/psg.c:102: u8* ptr = (u8*)g_PSG_Regs;
    00000014 01r00r00         [10]  129 	ld	bc, #_g_PSG_Regs+0
                                    130 ;C:\Users\Jummy\Downloads\MSXgl-1.5.0b\engine/src/psg.c:103: ptr += (chan * 2);
    00000017 26 00            [ 7]  131 	ld	h, #0x00
    00000019 29               [11]  132 	add	hl, hl
    0000001A 09               [11]  133 	add	hl, bc
                                    134 ;C:\Users\Jummy\Downloads\MSXgl-1.5.0b\engine/src/psg.c:104: *ptr = (u8)period;
    0000001B 73               [ 7]  135 	ld	(hl), e
                                    136 ;C:\Users\Jummy\Downloads\MSXgl-1.5.0b\engine/src/psg.c:105: *++ptr = (u8)(period >> 8);
    0000001C 23               [ 6]  137 	inc	hl
    0000001D 72               [ 7]  138 	ld	(hl), d
                                    139 ;C:\Users\Jummy\Downloads\MSXgl-1.5.0b\engine/src/psg.c:116: }
    0000001E C9               [10]  140 	ret
                                    141 ;C:\Users\Jummy\Downloads\MSXgl-1.5.0b\engine/src/psg.c:120: void PSG_SetNoise(u8 period)
                                    142 ;	---------------------------------
                                    143 ; Function PSG_SetNoise
                                    144 ; ---------------------------------
    0000001F                        145 _PSG_SetNoise::
    0000001F 4F               [ 4]  146 	ld	c, a
                                    147 ;C:\Users\Jummy\Downloads\MSXgl-1.5.0b\engine/src/psg.c:124: u8* ptr = (u8*)g_PSG_Regs + PSG_REG_NOISE;
                                    148 ;C:\Users\Jummy\Downloads\MSXgl-1.5.0b\engine/src/psg.c:125: *ptr = period;
    00000020 21r06r00         [10]  149 	ld	hl, #(_g_PSG_Regs + 6)
    00000023 71               [ 7]  150 	ld	(hl), c
                                    151 ;C:\Users\Jummy\Downloads\MSXgl-1.5.0b\engine/src/psg.c:133: }
    00000024 C9               [10]  152 	ret
                                    153 ;C:\Users\Jummy\Downloads\MSXgl-1.5.0b\engine/src/psg.c:137: void PSG_SetMixer(u8 mix)
                                    154 ;	---------------------------------
                                    155 ; Function PSG_SetMixer
                                    156 ; ---------------------------------
    00000025                        157 _PSG_SetMixer::
                                    158 ;C:\Users\Jummy\Downloads\MSXgl-1.5.0b\engine/src/psg.c:141: u8* ptr = (u8*)g_PSG_Regs + PSG_REG_MIXER;
                                    159 ;C:\Users\Jummy\Downloads\MSXgl-1.5.0b\engine/src/psg.c:142: *ptr = ~mix; // with PSG_INDIRECT bit #6 & #7 are handled in PSG_Apply() function
    00000025 2F               [ 4]  160 	cpl
    00000026 32r07r00         [13]  161 	ld	(#(_g_PSG_Regs + 7)), a
                                    162 ;C:\Users\Jummy\Downloads\MSXgl-1.5.0b\engine/src/psg.c:150: }
    00000029 C9               [10]  163 	ret
                                    164 ;C:\Users\Jummy\Downloads\MSXgl-1.5.0b\engine/src/psg.c:154: void PSG_SetVolume(u8 chan, u8 vol)
                                    165 ;	---------------------------------
                                    166 ; Function PSG_SetVolume
                                    167 ; ---------------------------------
    0000002A                        168 _PSG_SetVolume::
    0000002A 5F               [ 4]  169 	ld	e, a
    0000002B 4D               [ 4]  170 	ld	c, l
                                    171 ;C:\Users\Jummy\Downloads\MSXgl-1.5.0b\engine/src/psg.c:158: u8* ptr = (u8*)g_PSG_Regs + PSG_REG_AMP_A;
    0000002C 21r08r00         [10]  172 	ld	hl, #_g_PSG_Regs + 8
                                    173 ;C:\Users\Jummy\Downloads\MSXgl-1.5.0b\engine/src/psg.c:159: ptr += chan;
    0000002F 16 00            [ 7]  174 	ld	d, #0x00
    00000031 19               [11]  175 	add	hl, de
                                    176 ;C:\Users\Jummy\Downloads\MSXgl-1.5.0b\engine/src/psg.c:160: *ptr = vol;
    00000032 71               [ 7]  177 	ld	(hl), c
                                    178 ;C:\Users\Jummy\Downloads\MSXgl-1.5.0b\engine/src/psg.c:168: }
    00000033 C9               [10]  179 	ret
                                    180 ;C:\Users\Jummy\Downloads\MSXgl-1.5.0b\engine/src/psg.c:172: void PSG_SetEnvelope(u16 period)
                                    181 ;	---------------------------------
                                    182 ; Function PSG_SetEnvelope
                                    183 ; ---------------------------------
    00000034                        184 _PSG_SetEnvelope::
                                    185 ;C:\Users\Jummy\Downloads\MSXgl-1.5.0b\engine/src/psg.c:176: g_PSG_Regs.Envelope = period;
    00000034 22r0Br00         [16]  186 	ld	((_g_PSG_Regs + 11)), hl
                                    187 ;C:\Users\Jummy\Downloads\MSXgl-1.5.0b\engine/src/psg.c:187: }
    00000037 C9               [10]  188 	ret
                                    189 ;C:\Users\Jummy\Downloads\MSXgl-1.5.0b\engine/src/psg.c:191: void PSG_SetShape(u8 shape)
                                    190 ;	---------------------------------
                                    191 ; Function PSG_SetShape
                                    192 ; ---------------------------------
    00000038                        193 _PSG_SetShape::
    00000038 4F               [ 4]  194 	ld	c, a
                                    195 ;C:\Users\Jummy\Downloads\MSXgl-1.5.0b\engine/src/psg.c:195: g_PSG_Regs.Shape = shape;
    00000039 21r0Dr00         [10]  196 	ld	hl, #(_g_PSG_Regs + 13)
    0000003C 71               [ 7]  197 	ld	(hl), c
                                    198 ;C:\Users\Jummy\Downloads\MSXgl-1.5.0b\engine/src/psg.c:203: }
    0000003D C9               [10]  199 	ret
                                    200 ;C:\Users\Jummy\Downloads\MSXgl-1.5.0b\engine/src/psg.c:207: void PSG_EnableTone(u8 chan, bool val)
                                    201 ;	---------------------------------
                                    202 ; Function PSG_EnableTone
                                    203 ; ---------------------------------
    0000003E                        204 _PSG_EnableTone::
    0000003E 5F               [ 4]  205 	ld	e, a
    0000003F 4D               [ 4]  206 	ld	c, l
                                    207 ;C:\Users\Jummy\Downloads\MSXgl-1.5.0b\engine/src/psg.c:210: u8 mix = g_PSG_Regs.Mixer;
    00000040 21r07r00         [10]  208 	ld	hl, #_g_PSG_Regs+7
    00000043 56               [ 7]  209 	ld	d, (hl)
                                    210 ;C:\Users\Jummy\Downloads\MSXgl-1.5.0b\engine/src/psg.c:216: u8 bit = 1 << chan;
    00000044 43               [ 4]  211 	ld	b, e
    00000045 1E 01            [ 7]  212 	ld	e, #0x01
    00000047 04               [ 4]  213 	inc	b
    00000048 C3r4Dr00         [10]  214 	jp	00114$
    0000004B                        215 00113$:
    0000004B CB 23            [ 8]  216 	sla	e
    0000004D                        217 00114$:
    0000004D 10 FC            [13]  218 	djnz	00113$
                                    219 ;C:\Users\Jummy\Downloads\MSXgl-1.5.0b\engine/src/psg.c:217: mix &= ~bit;
    0000004F 7B               [ 4]  220 	ld	a, e
    00000050 2F               [ 4]  221 	cpl
    00000051 A2               [ 4]  222 	and	a, d
                                    223 ;C:\Users\Jummy\Downloads\MSXgl-1.5.0b\engine/src/psg.c:219: if (val == 0)
    00000052 0C               [ 4]  224 	inc	c
    00000053 0D               [ 4]  225 	dec	c
    00000054 20 01            [12]  226 	jr	nz, 00102$
                                    227 ;C:\Users\Jummy\Downloads\MSXgl-1.5.0b\engine/src/psg.c:220: mix |= bit;
    00000056 B3               [ 4]  228 	or	a, e
    00000057                        229 00102$:
                                    230 ;C:\Users\Jummy\Downloads\MSXgl-1.5.0b\engine/src/psg.c:223: g_PSG_Regs.Mixer = mix;
    00000057 77               [ 7]  231 	ld	(hl), a
                                    232 ;C:\Users\Jummy\Downloads\MSXgl-1.5.0b\engine/src/psg.c:227: }
    00000058 C9               [10]  233 	ret
                                    234 ;C:\Users\Jummy\Downloads\MSXgl-1.5.0b\engine/src/psg.c:231: void PSG_EnableNoise(u8 chan, bool val)
                                    235 ;	---------------------------------
                                    236 ; Function PSG_EnableNoise
                                    237 ; ---------------------------------
    00000059                        238 _PSG_EnableNoise::
    00000059 5F               [ 4]  239 	ld	e, a
    0000005A 4D               [ 4]  240 	ld	c, l
                                    241 ;C:\Users\Jummy\Downloads\MSXgl-1.5.0b\engine/src/psg.c:234: u8 mix = g_PSG_Regs.Mixer;
    0000005B 21r07r00         [10]  242 	ld	hl, #_g_PSG_Regs+7
    0000005E 56               [ 7]  243 	ld	d, (hl)
                                    244 ;C:\Users\Jummy\Downloads\MSXgl-1.5.0b\engine/src/psg.c:240: u8 bit = 8 << chan;
    0000005F 43               [ 4]  245 	ld	b, e
    00000060 1E 08            [ 7]  246 	ld	e, #0x08
    00000062 04               [ 4]  247 	inc	b
    00000063 C3r68r00         [10]  248 	jp	00114$
    00000066                        249 00113$:
    00000066 CB 23            [ 8]  250 	sla	e
    00000068                        251 00114$:
    00000068 10 FC            [13]  252 	djnz	00113$
                                    253 ;C:\Users\Jummy\Downloads\MSXgl-1.5.0b\engine/src/psg.c:241: mix &= ~bit;
    0000006A 7B               [ 4]  254 	ld	a, e
    0000006B 2F               [ 4]  255 	cpl
    0000006C A2               [ 4]  256 	and	a, d
                                    257 ;C:\Users\Jummy\Downloads\MSXgl-1.5.0b\engine/src/psg.c:243: if (val == 0)
    0000006D 0C               [ 4]  258 	inc	c
    0000006E 0D               [ 4]  259 	dec	c
    0000006F 20 01            [12]  260 	jr	nz, 00102$
                                    261 ;C:\Users\Jummy\Downloads\MSXgl-1.5.0b\engine/src/psg.c:244: mix |= bit;
    00000071 B3               [ 4]  262 	or	a, e
    00000072                        263 00102$:
                                    264 ;C:\Users\Jummy\Downloads\MSXgl-1.5.0b\engine/src/psg.c:247: g_PSG_Regs.Mixer = mix;
    00000072 77               [ 7]  265 	ld	(hl), a
                                    266 ;C:\Users\Jummy\Downloads\MSXgl-1.5.0b\engine/src/psg.c:251: }
    00000073 C9               [10]  267 	ret
                                    268 ;C:\Users\Jummy\Downloads\MSXgl-1.5.0b\engine/src/psg.c:255: void PSG_EnableEnvelope(u8 chan, bool val)
                                    269 ;	---------------------------------
                                    270 ; Function PSG_EnableEnvelope
                                    271 ; ---------------------------------
    00000074                        272 _PSG_EnableEnvelope::
    00000074 5F               [ 4]  273 	ld	e, a
    00000075 4D               [ 4]  274 	ld	c, l
                                    275 ;C:\Users\Jummy\Downloads\MSXgl-1.5.0b\engine/src/psg.c:258: u8 vol = g_PSG_Regs.Volume[chan];
    00000076 21r08r00         [10]  276 	ld	hl, #_g_PSG_Regs+8
    00000079 16 00            [ 7]  277 	ld	d, #0x00
    0000007B 19               [11]  278 	add	hl, de
    0000007C 7E               [ 7]  279 	ld	a, (hl)
                                    280 ;C:\Users\Jummy\Downloads\MSXgl-1.5.0b\engine/src/psg.c:264: vol &= 0x0F;
    0000007D E6 0F            [ 7]  281 	and	a, #0x0f
                                    282 ;C:\Users\Jummy\Downloads\MSXgl-1.5.0b\engine/src/psg.c:266: if (val != 0)
    0000007F 0C               [ 4]  283 	inc	c
    00000080 0D               [ 4]  284 	dec	c
    00000081 28 02            [12]  285 	jr	z, 00102$
                                    286 ;C:\Users\Jummy\Downloads\MSXgl-1.5.0b\engine/src/psg.c:267: vol |= PSG_F_ENV;
    00000083 CB E7            [ 8]  287 	set	4, a
    00000085                        288 00102$:
                                    289 ;C:\Users\Jummy\Downloads\MSXgl-1.5.0b\engine/src/psg.c:270: g_PSG_Regs.Volume[chan] = vol;
    00000085 77               [ 7]  290 	ld	(hl), a
                                    291 ;C:\Users\Jummy\Downloads\MSXgl-1.5.0b\engine/src/psg.c:274: }
    00000086 C9               [10]  292 	ret
                                    293 ;C:\Users\Jummy\Downloads\MSXgl-1.5.0b\engine/src/psg.c:280: void PSG_Mute()
                                    294 ;	---------------------------------
                                    295 ; Function PSG_Mute
                                    296 ; ---------------------------------
    00000087                        297 _PSG_Mute::
                                    298 ;C:\Users\Jummy\Downloads\MSXgl-1.5.0b\engine/src/psg.c:284: loop (i, 3)
    00000087 0E 00            [ 7]  299 	ld	c, #0x00
    00000089                        300 00103$:
    00000089 79               [ 4]  301 	ld	a, c
    0000008A D6 03            [ 7]  302 	sub	a, #0x03
    0000008C D0               [11]  303 	ret	nc
                                    304 ;C:\Users\Jummy\Downloads\MSXgl-1.5.0b\engine/src/psg.c:287: g_PSG_VolumeBackup[i] = g_PSG_Regs.Volume[i];
    0000008D 3Er10            [ 7]  305 	ld	a, #<(_g_PSG_VolumeBackup)
    0000008F 81               [ 4]  306 	add	a, c
    00000090 5F               [ 4]  307 	ld	e, a
    00000091 3Es00            [ 7]  308 	ld	a, #>(_g_PSG_VolumeBackup)
    00000093 CE 00            [ 7]  309 	adc	a, #0x00
    00000095 57               [ 4]  310 	ld	d, a
    00000096 21r08r00         [10]  311 	ld	hl, #(_g_PSG_Regs + 8)
    00000099 06 00            [ 7]  312 	ld	b, #0x00
    0000009B 09               [11]  313 	add	hl, bc
    0000009C 7E               [ 7]  314 	ld	a, (hl)
    0000009D 12               [ 7]  315 	ld	(de), a
                                    316 ;C:\Users\Jummy\Downloads\MSXgl-1.5.0b\engine/src/psg.c:289: g_PSG_Regs.Volume[i] = 0;
    0000009E 36 00            [10]  317 	ld	(hl), #0x00
                                    318 ;C:\Users\Jummy\Downloads\MSXgl-1.5.0b\engine/src/psg.c:284: loop (i, 3)
    000000A0 0C               [ 4]  319 	inc	c
                                    320 ;C:\Users\Jummy\Downloads\MSXgl-1.5.0b\engine/src/psg.c:304: }
    000000A1 C3r89r00         [10]  321 	jp	00103$
                                    322 ;C:\Users\Jummy\Downloads\MSXgl-1.5.0b\engine/src/psg.c:309: void PSG_Resume()
                                    323 ;	---------------------------------
                                    324 ; Function PSG_Resume
                                    325 ; ---------------------------------
    000000A4                        326 _PSG_Resume::
                                    327 ;C:\Users\Jummy\Downloads\MSXgl-1.5.0b\engine/src/psg.c:313: loop (i, 3)
    000000A4 0E 00            [ 7]  328 	ld	c, #0x00
    000000A6                        329 00103$:
    000000A6 79               [ 4]  330 	ld	a, c
    000000A7 D6 03            [ 7]  331 	sub	a, #0x03
    000000A9 D0               [11]  332 	ret	nc
                                    333 ;C:\Users\Jummy\Downloads\MSXgl-1.5.0b\engine/src/psg.c:315: g_PSG_Regs.Volume[i] = g_PSG_VolumeBackup[i];
    000000AA 3Er08            [ 7]  334 	ld	a, #<((_g_PSG_Regs + 8))
    000000AC 81               [ 4]  335 	add	a, c
    000000AD 5F               [ 4]  336 	ld	e, a
    000000AE 3Es00            [ 7]  337 	ld	a, #>((_g_PSG_Regs + 8))
    000000B0 CE 00            [ 7]  338 	adc	a, #0x00
    000000B2 57               [ 4]  339 	ld	d, a
    000000B3 21r10r00         [10]  340 	ld	hl, #_g_PSG_VolumeBackup
    000000B6 06 00            [ 7]  341 	ld	b, #0x00
    000000B8 09               [11]  342 	add	hl, bc
    000000B9 7E               [ 7]  343 	ld	a, (hl)
    000000BA 12               [ 7]  344 	ld	(de), a
                                    345 ;C:\Users\Jummy\Downloads\MSXgl-1.5.0b\engine/src/psg.c:313: loop (i, 3)
    000000BB 0C               [ 4]  346 	inc	c
                                    347 ;C:\Users\Jummy\Downloads\MSXgl-1.5.0b\engine/src/psg.c:327: }
    000000BC C3rA6r00         [10]  348 	jp	00103$
                                    349 ;C:\Users\Jummy\Downloads\MSXgl-1.5.0b\engine/src/psg.c:335: void PSG_Apply() __NAKED __PRESERVES(d, e, iyl, iyh)
                                    350 ;	---------------------------------
                                    351 ; Function PSG_Apply
                                    352 ; ---------------------------------
    000000BF                        353 _PSG_Apply::
                                    354 ;C:\Users\Jummy\Downloads\MSXgl-1.5.0b\engine/src/psg.c:403: __endasm;
    000000BF 3Ar07r00         [13]  355 	ld A, (_g_PSG_Regs + 7)
    000000C2 E6 3F            [ 7]  356 	and #0b00111111
    000000C4 47               [ 4]  357 	ld B, A
    000000C5 3E 07            [ 7]  358 	ld A, #7
    000000C7 D3 A0            [11]  359 	out (0xA0), A
    000000C9 DB A2            [11]  360 	in A, (0xA2)
    000000CB E6 C0            [ 7]  361 	and #0b11000000
    000000CD B0               [ 4]  362 	or B
    000000CE 32r07r00         [13]  363 	ld (_g_PSG_Regs + 7), A
    000000D1 21r00r00         [10]  364 	ld HL, #_g_PSG_Regs
    000000D4 0E A1            [ 7]  365 	ld C, #0xA1
    000000D6 AF               [ 4]  366 	xor A
                                    367 	.rept 13
                                    368 	out (0xA0), A
                                    369 	outi
                                    370 	inc A
                                    371 	.endm
    000000D7 D3 A0            [11]    1 	out (0xA0), A
    000000D9 ED A3            [16]    2 	outi
    000000DB 3C               [ 4]    3 	inc A
    000000DC D3 A0            [11]    1 	out (0xA0), A
    000000DE ED A3            [16]    2 	outi
    000000E0 3C               [ 4]    3 	inc A
    000000E1 D3 A0            [11]    1 	out (0xA0), A
    000000E3 ED A3            [16]    2 	outi
    000000E5 3C               [ 4]    3 	inc A
    000000E6 D3 A0            [11]    1 	out (0xA0), A
    000000E8 ED A3            [16]    2 	outi
    000000EA 3C               [ 4]    3 	inc A
    000000EB D3 A0            [11]    1 	out (0xA0), A
    000000ED ED A3            [16]    2 	outi
    000000EF 3C               [ 4]    3 	inc A
    000000F0 D3 A0            [11]    1 	out (0xA0), A
    000000F2 ED A3            [16]    2 	outi
    000000F4 3C               [ 4]    3 	inc A
    000000F5 D3 A0            [11]    1 	out (0xA0), A
    000000F7 ED A3            [16]    2 	outi
    000000F9 3C               [ 4]    3 	inc A
    000000FA D3 A0            [11]    1 	out (0xA0), A
    000000FC ED A3            [16]    2 	outi
    000000FE 3C               [ 4]    3 	inc A
    000000FF D3 A0            [11]    1 	out (0xA0), A
    00000101 ED A3            [16]    2 	outi
    00000103 3C               [ 4]    3 	inc A
    00000104 D3 A0            [11]    1 	out (0xA0), A
    00000106 ED A3            [16]    2 	outi
    00000108 3C               [ 4]    3 	inc A
    00000109 D3 A0            [11]    1 	out (0xA0), A
    0000010B ED A3            [16]    2 	outi
    0000010D 3C               [ 4]    3 	inc A
    0000010E D3 A0            [11]    1 	out (0xA0), A
    00000110 ED A3            [16]    2 	outi
    00000112 3C               [ 4]    3 	inc A
    00000113 D3 A0            [11]    1 	out (0xA0), A
    00000115 ED A3            [16]    2 	outi
    00000117 3C               [ 4]    3 	inc A
    00000118 D3 A0            [11]  372 	out (0xA0), A
    0000011A 7E               [ 7]  373 	ld A, (HL)
    0000011B A7               [ 4]  374 	and A
    0000011C FAr21r01         [10]  375 	jp M, PSG_End
    0000011F D3 A1            [11]  376 	out (0xA1), A
    00000121                        377 PSG_End:
    00000121 F6 80            [ 7]  378 	or #0x80
    00000123 77               [ 7]  379 	ld (HL), A
    00000124 C9               [10]  380 	ret
                                    381 ;C:\Users\Jummy\Downloads\MSXgl-1.5.0b\engine/src/psg.c:404: }
                                    382 	.area _CODE
                                    383 	.area _INITIALIZER
                                    384 	.area _CABS (ABS)
