                                      1 ;--------------------------------------------------------
                                      2 ; File Created by SDCC : free open source ISO C Compiler
                                      3 ; Version 4.6.0 #16555 (MINGW64)
                                      4 ;--------------------------------------------------------
                                      5 	.module system
                                      6 	
                                      7 	.optsdcc -mz80 sdcccall(1)
                                      8 ;--------------------------------------------------------
                                      9 ; Public variables in this module
                                     10 ;--------------------------------------------------------
                                     11 	.globl _g_SLTSL
                                     12 	.globl _g_GRPACY
                                     13 	.globl _g_GRPACX
                                     14 	.globl _g_LOGOPR
                                     15 	.globl _g_CMASK
                                     16 	.globl _g_CLOC
                                     17 	.globl _g_FNKSTR
                                     18 	.globl _g_GETPNT
                                     19 	.globl _g_PUTPNT
                                     20 	.globl _g_ATRBYT
                                     21 	.globl _g_BDRCLR
                                     22 	.globl _g_BAKCLR
                                     23 	.globl _g_FORCLR
                                     24 	.globl _g_CSRX
                                     25 	.globl _g_CSRY
                                     26 	.globl _g_CLIKSW
                                     27 	.globl _g_MLTPAT
                                     28 	.globl _g_MLTATR
                                     29 	.globl _g_MLTCGP
                                     30 	.globl _g_MLTCOL
                                     31 	.globl _g_MLTNAM
                                     32 	.globl _g_GRPPAT
                                     33 	.globl _g_GRPATR
                                     34 	.globl _g_GRPCGP
                                     35 	.globl _g_GRPCOL
                                     36 	.globl _g_GRPNAM
                                     37 	.globl _g_T32PAT
                                     38 	.globl _g_T32ATR
                                     39 	.globl _g_T32CGP
                                     40 	.globl _g_T32COL
                                     41 	.globl _g_T32NAM
                                     42 	.globl _g_TXTPAT
                                     43 	.globl _g_TXTATR
                                     44 	.globl _g_TXTCGP
                                     45 	.globl _g_TXTCOL
                                     46 	.globl _g_TXTNAM
                                     47 	.globl _g_CLMLST
                                     48 	.globl _g_CRTCNT
                                     49 	.globl _g_LINLEN
                                     50 	.globl _g_LINL32
                                     51 	.globl _g_LINL40
                                     52 	.globl _g_CHAR_16
                                     53 	.globl _g_MSXMID
                                     54 	.globl _g_MSXVER
                                     55 	.globl _g_ROMVersion
                                     56 	.globl _g_BASRVN
                                     57 	.globl _g_VDP_DW
                                     58 	.globl _g_VDP_DR
                                     59 	.globl _g_CGTABL
                                     60 	.globl _g_SVFFFD
                                     61 	.globl _g_RG27SAV
                                     62 	.globl _g_RG26SAV
                                     63 	.globl _g_RG25SAV
                                     64 	.globl _g_SVFFF8
                                     65 	.globl _g_MINROM
                                     66 	.globl _g_RG23SAV
                                     67 	.globl _g_RG22SAV
                                     68 	.globl _g_RG21SAV
                                     69 	.globl _g_RG20SAV
                                     70 	.globl _g_RG19SAV
                                     71 	.globl _g_RG18SAV
                                     72 	.globl _g_RG17SAV
                                     73 	.globl _g_RG16SAV
                                     74 	.globl _g_RG15SAV
                                     75 	.globl _g_RG14SAV
                                     76 	.globl _g_RG13SAV
                                     77 	.globl _g_RG12SAV
                                     78 	.globl _g_RG11SAV
                                     79 	.globl _g_RG10SAV
                                     80 	.globl _g_RG09SAV
                                     81 	.globl _g_RG08SAV
                                     82 	.globl _g_PROCNM
                                     83 	.globl _g_SLTWRK
                                     84 	.globl _g_SLTATR
                                     85 	.globl _g_SLTTBL
                                     86 	.globl _g_EXPTBL
                                     87 	.globl _g_MNROM
                                     88 	.globl _g_DRWANG
                                     89 	.globl _g_DRWSCL
                                     90 	.globl _g_DRWFLG
                                     91 	.globl _g_GYPOS
                                     92 	.globl _g_GXPOS
                                     93 	.globl _g_BRDATR
                                     94 	.globl _g_CASPRV
                                     95 	.globl _g_OLDSCR
                                     96 	.globl _g_SCRMOD
                                     97 	.globl _g_FLBMEM
                                     98 	.globl _g_KANAMD
                                     99 	.globl _g_KANAST
                                    100 	.globl _g_CAPST
                                    101 	.globl _g_CSTYLE
                                    102 	.globl _g_CSRSW
                                    103 	.globl _g_INSFLG
                                    104 	.globl _g_ESCCNT
                                    105 	.globl _g_GRPHED
                                    106 	.globl _g_WINWID
                                    107 	.globl _g_LOWLIM
                                    108 	.globl _g_INTCNT
                                    109 	.globl _g_INTVAL
                                    110 	.globl _g_JIFFY
                                    111 	.globl _g_PADX
                                    112 	.globl _g_PADY
                                    113 	.globl _g_INTFLG
                                    114 	.globl _g_RTYCNT
                                    115 	.globl _g_TRPTBL
                                    116 	.globl _g_HIMEM
                                    117 	.globl _g_BOTTOM
                                    118 	.globl _g_PATWRK
                                    119 	.globl _g_LINWRK
                                    120 	.globl _g_KEYBUF
                                    121 	.globl _g_NEWKEY
                                    122 	.globl _g_OLDKEY
                                    123 	.globl _g_CLIKFL
                                    124 	.globl _g_ONGSBF
                                    125 	.globl _g_FNKFLG
                                    126 	.globl _g_FNKSWI
                                    127 	.globl _g_CODSAV
                                    128 	.globl _g_FSTPOS
                                    129 	.globl _g_LINTTB
                                    130 	.globl _g_BASROM
                                    131 	.globl _g_ENSTOP
                                    132 	.globl _g_VCBC
                                    133 	.globl _g_VCBB
                                    134 	.globl _g_VCBA
                                    135 	.globl _g_PLYCNT
                                    136 	.globl _g_MUSICF
                                    137 	.globl _g_QUEUEN
                                    138 	.globl _g_MCLPTR
                                    139 	.globl _g_MCLLEN
                                    140 	.globl _g_SAVVOL
                                    141 	.globl _g_VOICEN
                                    142 	.globl _g_SAVSP
                                    143 	.globl _g_PRSCNT
                                    144 	.globl _g_LSTMOD
                                    145 	.globl _g_LSTCOM
                                    146 	.globl _g_COMMSK
                                    147 	.globl _g_ESTBLS
                                    148 	.globl _g_FLAGS
                                    149 	.globl _g_ERRORS
                                    150 	.globl _g_DATCNT
                                    151 	.globl _g_DEVNUM
                                    152 	.globl _g_OLDINT
                                    153 	.globl _g_OLDSTT
                                    154 	.globl _g_MEXBIh
                                    155 	.globl _g_RSIQLN
                                    156 	.globl _g_RSFCB
                                    157 	.globl _g_TOCNT
                                    158 	.globl _g_RSTMP
                                    159 	.globl _g_YSAVE
                                    160 	.globl _g_XSAVE
                                    161 	.globl _g_NORUSE
                                    162 	.globl _g_MODE
                                    163 	.globl _g_ROMA
                                    164 	.globl _g_CHRCNT
                                    165 	.globl _g_EXBRSA
                                    166 	.globl _g_AVCSAV
                                    167 	.globl _g_ACPAGE
                                    168 	.globl _g_DPPAGE
                                    169 	.globl _g_RS2IQ
                                    170 	.globl _g_VOICCQ
                                    171 	.globl _g_VOICBQ
                                    172 	.globl _g_VOICAQ
                                    173 	.globl _g_QUEBAK
                                    174 	.globl _g_QUETAB
                                    175 	.globl _g_ASPCT2
                                    176 	.globl _g_ASPCT1
                                    177 	.globl _g_HEADER
                                    178 	.globl _g_HIGH
                                    179 	.globl _g_LOW
                                    180 	.globl _g_CS240
                                    181 	.globl _g_CS120
                                    182 	.globl _g_REPCNT
                                    183 	.globl _g_SCNCNT
                                    184 	.globl _g_FRCNEW
                                    185 	.globl _g_QUEUES
                                    186 	.globl _g_MINUPD
                                    187 	.globl _g_MAXUPD
                                    188 	.globl _g_TRGFLG
                                    189 	.globl _g_STATFL
                                    190 	.globl _g_RG7SAV
                                    191 	.globl _g_RG6SAV
                                    192 	.globl _g_RG5SAV
                                    193 	.globl _g_RG4SAV
                                    194 	.globl _g_RG3SAV
                                    195 	.globl _g_RG2SAV
                                    196 	.globl _g_RG1SAV
                                    197 	.globl _g_RG0SAV
                                    198 	.globl _g_CNSDFG
                                    199 	.globl _g_USRTAB
                                    200 	.globl _g_CLPRIM
                                    201 	.globl _g_WRPRIM
                                    202 	.globl _g_RDPRIM
                                    203 	.globl _Sys_GetPageSlot
                                    204 	.globl _Sys_SetPageSlot
                                    205 	.globl _Sys_SetPage0Slot
                                    206 	.globl _Sys_CheckSlot
                                    207 ;--------------------------------------------------------
                                    208 ; special function registers
                                    209 ;--------------------------------------------------------
                         000000A0   210 _g_PSG_RegPort	=	0x00a0
                         000000A1   211 _g_PSG_DataPort	=	0x00a1
                         000000A2   212 _g_PSG_StatPort	=	0x00a2
                         00000010   213 _g_PSG_Ext_RegPort	=	0x0010
                         00000011   214 _g_PSG_Ext_DataPort	=	0x0011
                         00000012   215 _g_PSG_Ext_StatPort	=	0x0012
                         00000090   216 _g_Printer_ControlPort	=	0x0090
                         00000091   217 _g_Printer_DataPort	=	0x0091
                         0000007C   218 _g_MSXMusic_IndexPort	=	0x007c
                         0000007D   219 _g_MSXMusic_DataPort	=	0x007d
                         00000098   220 _g_VDP_DataPort	=	0x0098
                         00000099   221 _g_VDP_RegPort	=	0x0099
                         00000099   222 _g_VDP_AddrPort	=	0x0099
                         00000099   223 _g_VDP_StatPort	=	0x0099
                         000000A8   224 _g_PortPrimarySlot	=	0x00a8
                         000000A9   225 _g_PortReadKeyboard	=	0x00a9
                         000000AA   226 _g_PortAccessKeyboard	=	0x00aa
                         000000AB   227 _g_PortControl	=	0x00ab
                         000000B4   228 _g_RTC_AddrPort	=	0x00b4
                         000000B5   229 _g_RTC_DataPort	=	0x00b5
                         000000C0   230 _g_MSXAudio_IndexPort	=	0x00c0
                         000000C1   231 _g_MSXAudio_DataPort	=	0x00c1
                         000000C2   232 _g_MSXAudio_IndexPort2	=	0x00c2
                         000000C3   233 _g_MSXAudio_DataPort2	=	0x00c3
                         000000D8   234 _g_Kanji_Level1LowPort	=	0x00d8
                         000000D9   235 _g_Kanji_Level1HighPort	=	0x00d9
                         000000DA   236 _g_Kanji_Level2LowPort	=	0x00da
                         000000DB   237 _g_Kanji_Level2HighPort	=	0x00db
                                    238 ;--------------------------------------------------------
                                    239 ; ram data
                                    240 ;--------------------------------------------------------
                                    241 	.area _DATA
                         0000F3AE   242 _g_LINL40	=	0xf3ae
                         0000F3AF   243 _g_LINL32	=	0xf3af
                         0000F3B0   244 _g_LINLEN	=	0xf3b0
                         0000F3B1   245 _g_CRTCNT	=	0xf3b1
                         0000F3B2   246 _g_CLMLST	=	0xf3b2
                         0000F3B3   247 _g_TXTNAM	=	0xf3b3
                         0000F3B5   248 _g_TXTCOL	=	0xf3b5
                         0000F3B7   249 _g_TXTCGP	=	0xf3b7
                         0000F3B9   250 _g_TXTATR	=	0xf3b9
                         0000F3BB   251 _g_TXTPAT	=	0xf3bb
                         0000F3BD   252 _g_T32NAM	=	0xf3bd
                         0000F3BF   253 _g_T32COL	=	0xf3bf
                         0000F3C1   254 _g_T32CGP	=	0xf3c1
                         0000F3C3   255 _g_T32ATR	=	0xf3c3
                         0000F3C5   256 _g_T32PAT	=	0xf3c5
                         0000F3C7   257 _g_GRPNAM	=	0xf3c7
                         0000F3C9   258 _g_GRPCOL	=	0xf3c9
                         0000F3CB   259 _g_GRPCGP	=	0xf3cb
                         0000F3CD   260 _g_GRPATR	=	0xf3cd
                         0000F3CF   261 _g_GRPPAT	=	0xf3cf
                         0000F3D1   262 _g_MLTNAM	=	0xf3d1
                         0000F3D3   263 _g_MLTCOL	=	0xf3d3
                         0000F3D5   264 _g_MLTCGP	=	0xf3d5
                         0000F3D7   265 _g_MLTATR	=	0xf3d7
                         0000F3D9   266 _g_MLTPAT	=	0xf3d9
                         0000F3DB   267 _g_CLIKSW	=	0xf3db
                         0000F3DC   268 _g_CSRY	=	0xf3dc
                         0000F3DD   269 _g_CSRX	=	0xf3dd
                         0000F3E9   270 _g_FORCLR	=	0xf3e9
                         0000F3EA   271 _g_BAKCLR	=	0xf3ea
                         0000F3EB   272 _g_BDRCLR	=	0xf3eb
                         0000F3F2   273 _g_ATRBYT	=	0xf3f2
                         0000F3F8   274 _g_PUTPNT	=	0xf3f8
                         0000F3FA   275 _g_GETPNT	=	0xf3fa
                         0000F87F   276 _g_FNKSTR	=	0xf87f
                         0000F92A   277 _g_CLOC	=	0xf92a
                         0000F92C   278 _g_CMASK	=	0xf92c
                         0000FB02   279 _g_LOGOPR	=	0xfb02
                         0000FCB7   280 _g_GRPACX	=	0xfcb7
                         0000FCB9   281 _g_GRPACY	=	0xfcb9
                         0000FFFF   282 _g_SLTSL	=	0xffff
                                    283 ;--------------------------------------------------------
                                    284 ; ram data
                                    285 ;--------------------------------------------------------
                                    286 	.area _INITIALIZED
                                    287 ;--------------------------------------------------------
                                    288 ; absolute ram data
                                    289 ;--------------------------------------------------------
                                    290 	.area _DABS (ABS)
                                    291 	.area _DABS (ABS)
                                    292 ;--------------------------------------------------------
                                    293 ; global & static initialisations
                                    294 ;--------------------------------------------------------
                                    295 	.area _HOME
                                    296 	.area _GSINIT
                                    297 	.area _GSFINAL
                                    298 	.area _GSINIT
                                    299 ;--------------------------------------------------------
                                    300 ; Home
                                    301 ;--------------------------------------------------------
                                    302 	.area _HOME
                                    303 	.area _HOME
                                    304 ;--------------------------------------------------------
                                    305 ; code
                                    306 ;--------------------------------------------------------
                                    307 	.area _CODE
                                    308 ;C:\Users\Jummy\Downloads\MSXgl-1.5.0b\engine/src/system.c:12: u8 Sys_GetPageSlot(u8 page)
                                    309 ;	---------------------------------
                                    310 ; Function Sys_GetPageSlot
                                    311 ; ---------------------------------
    00000000                        312 _Sys_GetPageSlot::
                                    313 ;C:\Users\Jummy\Downloads\MSXgl-1.5.0b\engine/src/system.c:15: u8 slot = (g_PortPrimarySlot >> (page * 2)) & 0x03;
    00000000 87               [ 4]  314 	add	a, a
    00000001 5F               [ 4]  315 	ld	e, a
    00000002 43               [ 4]  316 	ld	b, e
    00000003 DB A8            [11]  317 	in	a, (_g_PortPrimarySlot)
    00000005 04               [ 4]  318 	inc	b
    00000006 C3r0Br00         [10]  319 	jp	00116$
    00000009                        320 00115$:
    00000009 CB 3F            [ 8]  321 	srl	a
    0000000B                        322 00116$:
    0000000B 10 FC            [13]  323 	djnz	00115$
    0000000D E6 03            [ 7]  324 	and	a, #0x03
    0000000F 4F               [ 4]  325 	ld	c, a
                                    326 ;C:\Users\Jummy\Downloads\MSXgl-1.5.0b\engine/src/system.c:18: if (g_EXPTBL[slot] & SLOT_EXP)
    00000010 21 C1 FC         [10]  327 	ld	hl, #_g_EXPTBL+0
    00000013 79               [ 4]  328 	ld	a, c
    00000014 85               [ 4]  329 	add	a, l
    00000015 6F               [ 4]  330 	ld	l, a
    00000016 3E 00            [ 7]  331 	ld	a, #0x00
    00000018 8C               [ 4]  332 	adc	a, h
    00000019 67               [ 4]  333 	ld	h, a
    0000001A 7E               [ 7]  334 	ld	a, (hl)
    0000001B 07               [ 4]  335 	rlca
    0000001C 30 34            [12]  336 	jr	nc, 00102$
                                    337 ;C:\Users\Jummy\Downloads\MSXgl-1.5.0b\engine/src/system.c:20: u8 prevSlot = g_PortPrimarySlot; // Backup current primary slots register
    0000001E DB A8            [11]  338 	in	a, (_g_PortPrimarySlot)
    00000020 47               [ 4]  339 	ld	b, a
                                    340 ;C:\Users\Jummy\Downloads\MSXgl-1.5.0b\engine/src/system.h:141: inline void DisableInterrupt() { __asm__("di"); }
    00000021 F3               [ 4]  341 	di
                                    342 ;C:\Users\Jummy\Downloads\MSXgl-1.5.0b\engine/src/system.c:22: g_PortPrimarySlot = (prevSlot & 0x3F) | (slot << 6); // Select primary slot in page 3
    00000022 78               [ 4]  343 	ld	a, b
    00000023 E6 3F            [ 7]  344 	and	a, #0x3f
    00000025 6F               [ 4]  345 	ld	l, a
    00000026 79               [ 4]  346 	ld	a, c
    00000027 0F               [ 4]  347 	rrca
    00000028 0F               [ 4]  348 	rrca
    00000029 E6 C0            [ 7]  349 	and	a, #0xc0
    0000002B B5               [ 4]  350 	or	a, l
    0000002C D3 A8            [11]  351 	out	(_g_PortPrimarySlot), a
                                    352 ;C:\Users\Jummy\Downloads\MSXgl-1.5.0b\engine/src/system.c:23: slot |= SLOT_EXP;
    0000002E CB F9            [ 8]  353 	set	7, c
                                    354 ;C:\Users\Jummy\Downloads\MSXgl-1.5.0b\engine/src/system.c:24: slot |= (((~g_SLTSL) >> (page * 2)) & 0x03) << 2;
    00000030 3A FF FF         [13]  355 	ld	a, (_g_SLTSL)
    00000033 6F               [ 4]  356 	ld	l, a
    00000034 26 00            [ 7]  357 	ld	h, #0x00
    00000036 7D               [ 4]  358 	ld	a, l
    00000037 2F               [ 4]  359 	cpl
    00000038 6F               [ 4]  360 	ld	l, a
    00000039 7C               [ 4]  361 	ld	a, h
    0000003A 2F               [ 4]  362 	cpl
    0000003B 67               [ 4]  363 	ld	h, a
    0000003C 1C               [ 4]  364 	inc	e
    0000003D C3r44r00         [10]  365 	jp	00119$
    00000040                        366 00118$:
    00000040 CB 2C            [ 8]  367 	sra	h
    00000042 CB 1D            [ 8]  368 	rr	l
    00000044                        369 00119$:
    00000044 1D               [ 4]  370 	dec	e
    00000045 20 F9            [12]  371 	jr	nz, 00118$
    00000047 7D               [ 4]  372 	ld	a, l
    00000048 E6 03            [ 7]  373 	and	a, #0x03
    0000004A 87               [ 4]  374 	add	a, a
    0000004B 87               [ 4]  375 	add	a, a
    0000004C B1               [ 4]  376 	or	a, c
    0000004D 4F               [ 4]  377 	ld	c, a
                                    378 ;C:\Users\Jummy\Downloads\MSXgl-1.5.0b\engine/src/system.c:25: g_PortPrimarySlot = prevSlot; // Restore primary slots register
    0000004E 78               [ 4]  379 	ld	a, b
    0000004F D3 A8            [11]  380 	out	(_g_PortPrimarySlot), a
                                    381 ;C:\Users\Jummy\Downloads\MSXgl-1.5.0b\engine/src/system.h:137: inline void EnableInterrupt() { __asm__("ei"); }
    00000051 FB               [ 4]  382 	ei
                                    383 ;C:\Users\Jummy\Downloads\MSXgl-1.5.0b\engine/src/system.c:26: EnableInterrupt();
    00000052                        384 00102$:
                                    385 ;C:\Users\Jummy\Downloads\MSXgl-1.5.0b\engine/src/system.c:28: return slot;
    00000052 79               [ 4]  386 	ld	a, c
                                    387 ;C:\Users\Jummy\Downloads\MSXgl-1.5.0b\engine/src/system.c:29: }
    00000053 C9               [10]  388 	ret
                         0000F380   389 _g_RDPRIM	=	0xf380
                         0000F385   390 _g_WRPRIM	=	0xf385
                         0000F38C   391 _g_CLPRIM	=	0xf38c
                         0000F39A   392 _g_USRTAB	=	0xf39a
                         0000F3DE   393 _g_CNSDFG	=	0xf3de
                         0000F3DF   394 _g_RG0SAV	=	0xf3df
                         0000F3E0   395 _g_RG1SAV	=	0xf3e0
                         0000F3E1   396 _g_RG2SAV	=	0xf3e1
                         0000F3E2   397 _g_RG3SAV	=	0xf3e2
                         0000F3E3   398 _g_RG4SAV	=	0xf3e3
                         0000F3E4   399 _g_RG5SAV	=	0xf3e4
                         0000F3E5   400 _g_RG6SAV	=	0xf3e5
                         0000F3E6   401 _g_RG7SAV	=	0xf3e6
                         0000F3E7   402 _g_STATFL	=	0xf3e7
                         0000F3E8   403 _g_TRGFLG	=	0xf3e8
                         0000F3EC   404 _g_MAXUPD	=	0xf3ec
                         0000F3EF   405 _g_MINUPD	=	0xf3ef
                         0000F3F3   406 _g_QUEUES	=	0xf3f3
                         0000F3F5   407 _g_FRCNEW	=	0xf3f5
                         0000F3F6   408 _g_SCNCNT	=	0xf3f6
                         0000F3F7   409 _g_REPCNT	=	0xf3f7
                         0000F3FC   410 _g_CS120	=	0xf3fc
                         0000F401   411 _g_CS240	=	0xf401
                         0000F406   412 _g_LOW	=	0xf406
                         0000F408   413 _g_HIGH	=	0xf408
                         0000F40A   414 _g_HEADER	=	0xf40a
                         0000F40B   415 _g_ASPCT1	=	0xf40b
                         0000F40D   416 _g_ASPCT2	=	0xf40d
                         0000F959   417 _g_QUETAB	=	0xf959
                         0000F971   418 _g_QUEBAK	=	0xf971
                         0000F975   419 _g_VOICAQ	=	0xf975
                         0000F9F5   420 _g_VOICBQ	=	0xf9f5
                         0000FA75   421 _g_VOICCQ	=	0xfa75
                         0000FAF5   422 _g_RS2IQ	=	0xfaf5
                         0000FAF5   423 _g_DPPAGE	=	0xfaf5
                         0000FAF6   424 _g_ACPAGE	=	0xfaf6
                         0000FAF7   425 _g_AVCSAV	=	0xfaf7
                         0000FAF8   426 _g_EXBRSA	=	0xfaf8
                         0000FAF9   427 _g_CHRCNT	=	0xfaf9
                         0000FAFA   428 _g_ROMA	=	0xfafa
                         0000FAFC   429 _g_MODE	=	0xfafc
                         0000FAFD   430 _g_NORUSE	=	0xfafd
                         0000FAFE   431 _g_XSAVE	=	0xfafe
                         0000FB00   432 _g_YSAVE	=	0xfb00
                         0000FB03   433 _g_RSTMP	=	0xfb03
                         0000FB03   434 _g_TOCNT	=	0xfb03
                         0000FB04   435 _g_RSFCB	=	0xfb04
                         0000FB06   436 _g_RSIQLN	=	0xfb06
                         0000FB07   437 _g_MEXBIh	=	0xfb07
                         0000FB0C   438 _g_OLDSTT	=	0xfb0c
                         0000FB0C   439 _g_OLDINT	=	0xfb0c
                         0000FB16   440 _g_DEVNUM	=	0xfb16
                         0000FB17   441 _g_DATCNT	=	0xfb17
                         0000FB1A   442 _g_ERRORS	=	0xfb1a
                         0000FB1B   443 _g_FLAGS	=	0xfb1b
                         0000FB1C   444 _g_ESTBLS	=	0xfb1c
                         0000FB1D   445 _g_COMMSK	=	0xfb1d
                         0000FB1E   446 _g_LSTCOM	=	0xfb1e
                         0000FB1F   447 _g_LSTMOD	=	0xfb1f
                         0000FB35   448 _g_PRSCNT	=	0xfb35
                         0000FB36   449 _g_SAVSP	=	0xfb36
                         0000FB38   450 _g_VOICEN	=	0xfb38
                         0000FB39   451 _g_SAVVOL	=	0xfb39
                         0000FB3B   452 _g_MCLLEN	=	0xfb3b
                         0000FB3C   453 _g_MCLPTR	=	0xfb3c
                         0000FB3E   454 _g_QUEUEN	=	0xfb3e
                         0000FB3F   455 _g_MUSICF	=	0xfb3f
                         0000FB40   456 _g_PLYCNT	=	0xfb40
                         0000FB41   457 _g_VCBA	=	0xfb41
                         0000FB66   458 _g_VCBB	=	0xfb66
                         0000FB8B   459 _g_VCBC	=	0xfb8b
                         0000FBB0   460 _g_ENSTOP	=	0xfbb0
                         0000FBB1   461 _g_BASROM	=	0xfbb1
                         0000FBB2   462 _g_LINTTB	=	0xfbb2
                         0000FBCA   463 _g_FSTPOS	=	0xfbca
                         0000FBCC   464 _g_CODSAV	=	0xfbcc
                         0000FBCD   465 _g_FNKSWI	=	0xfbcd
                         0000FBCE   466 _g_FNKFLG	=	0xfbce
                         0000FBD8   467 _g_ONGSBF	=	0xfbd8
                         0000FBD9   468 _g_CLIKFL	=	0xfbd9
                         0000FBDA   469 _g_OLDKEY	=	0xfbda
                         0000FBE5   470 _g_NEWKEY	=	0xfbe5
                         0000FBF0   471 _g_KEYBUF	=	0xfbf0
                         0000FC18   472 _g_LINWRK	=	0xfc18
                         0000FC40   473 _g_PATWRK	=	0xfc40
                         0000FC48   474 _g_BOTTOM	=	0xfc48
                         0000FC4A   475 _g_HIMEM	=	0xfc4a
                         0000FC4C   476 _g_TRPTBL	=	0xfc4c
                         0000FC9A   477 _g_RTYCNT	=	0xfc9a
                         0000FC9B   478 _g_INTFLG	=	0xfc9b
                         0000FC9C   479 _g_PADY	=	0xfc9c
                         0000FC9D   480 _g_PADX	=	0xfc9d
                         0000FC9E   481 _g_JIFFY	=	0xfc9e
                         0000FCA0   482 _g_INTVAL	=	0xfca0
                         0000FCA2   483 _g_INTCNT	=	0xfca2
                         0000FCA4   484 _g_LOWLIM	=	0xfca4
                         0000FCA5   485 _g_WINWID	=	0xfca5
                         0000FCA6   486 _g_GRPHED	=	0xfca6
                         0000FCA7   487 _g_ESCCNT	=	0xfca7
                         0000FCA8   488 _g_INSFLG	=	0xfca8
                         0000FCA9   489 _g_CSRSW	=	0xfca9
                         0000FCAA   490 _g_CSTYLE	=	0xfcaa
                         0000FCAB   491 _g_CAPST	=	0xfcab
                         0000FCAC   492 _g_KANAST	=	0xfcac
                         0000FCAD   493 _g_KANAMD	=	0xfcad
                         0000FCAE   494 _g_FLBMEM	=	0xfcae
                         0000FCAF   495 _g_SCRMOD	=	0xfcaf
                         0000FCB0   496 _g_OLDSCR	=	0xfcb0
                         0000FCB1   497 _g_CASPRV	=	0xfcb1
                         0000FCB2   498 _g_BRDATR	=	0xfcb2
                         0000FCB3   499 _g_GXPOS	=	0xfcb3
                         0000FCB5   500 _g_GYPOS	=	0xfcb5
                         0000FCBB   501 _g_DRWFLG	=	0xfcbb
                         0000FCBC   502 _g_DRWSCL	=	0xfcbc
                         0000FCBD   503 _g_DRWANG	=	0xfcbd
                         0000FCC1   504 _g_MNROM	=	0xfcc1
                         0000FCC1   505 _g_EXPTBL	=	0xfcc1
                         0000FCC5   506 _g_SLTTBL	=	0xfcc5
                         0000FCC9   507 _g_SLTATR	=	0xfcc9
                         0000FD09   508 _g_SLTWRK	=	0xfd09
                         0000FD89   509 _g_PROCNM	=	0xfd89
                         0000FFE7   510 _g_RG08SAV	=	0xffe7
                         0000FFE8   511 _g_RG09SAV	=	0xffe8
                         0000FFE9   512 _g_RG10SAV	=	0xffe9
                         0000FFEA   513 _g_RG11SAV	=	0xffea
                         0000FFEB   514 _g_RG12SAV	=	0xffeb
                         0000FFEC   515 _g_RG13SAV	=	0xffec
                         0000FFED   516 _g_RG14SAV	=	0xffed
                         0000FFEE   517 _g_RG15SAV	=	0xffee
                         0000FFEF   518 _g_RG16SAV	=	0xffef
                         0000FFF0   519 _g_RG17SAV	=	0xfff0
                         0000FFF1   520 _g_RG18SAV	=	0xfff1
                         0000FFF2   521 _g_RG19SAV	=	0xfff2
                         0000FFF3   522 _g_RG20SAV	=	0xfff3
                         0000FFF4   523 _g_RG21SAV	=	0xfff4
                         0000FFF5   524 _g_RG22SAV	=	0xfff5
                         0000FFF6   525 _g_RG23SAV	=	0xfff6
                         0000FFF7   526 _g_MINROM	=	0xfff7
                         0000FFF8   527 _g_SVFFF8	=	0xfff8
                         0000FFFA   528 _g_RG25SAV	=	0xfffa
                         0000FFFB   529 _g_RG26SAV	=	0xfffb
                         0000FFFC   530 _g_RG27SAV	=	0xfffc
                         0000FFFD   531 _g_SVFFFD	=	0xfffd
                         00000004   532 _g_CGTABL	=	0x0004
                         00000006   533 _g_VDP_DR	=	0x0006
                         00000007   534 _g_VDP_DW	=	0x0007
                         0000002B   535 _g_BASRVN	=	0x002b
                         0000002B   536 _g_ROMVersion	=	0x002b
                         0000002D   537 _g_MSXVER	=	0x002d
                         0000002E   538 _g_MSXMID	=	0x002e
                         00000034   539 _g_CHAR_16	=	0x0034
                                    540 ;C:\Users\Jummy\Downloads\MSXgl-1.5.0b\engine/src/system.c:33: void Sys_SetPageSlot(u8 page, u8 slotId)
                                    541 ;	---------------------------------
                                    542 ; Function Sys_SetPageSlot
                                    543 ; ---------------------------------
    00000054                        544 _Sys_SetPageSlot::
                                    545 ;C:\Users\Jummy\Downloads\MSXgl-1.5.0b\engine/src/system.c:36: slotId;
                                    546 ;C:\Users\Jummy\Downloads\MSXgl-1.5.0b\engine/src/system.c:60: }
    00000054 C9               [10]  547 	ret
                                    548 ;C:\Users\Jummy\Downloads\MSXgl-1.5.0b\engine/src/system.c:64: void Sys_SetPage0Slot(u8 slotId) __NAKED
                                    549 ;	---------------------------------
                                    550 ; Function Sys_SetPage0Slot
                                    551 ; ---------------------------------
    00000055                        552 _Sys_SetPage0Slot::
                                    553 ;C:\Users\Jummy\Downloads\MSXgl-1.5.0b\engine/src/system.c:134: __endasm;
    00000055 4F               [ 4]  554 	ld c, a
    00000056 E6 80            [ 7]  555 	and #0b10000000
    00000058 CAr8Cr00         [10]  556 	jp z, SetNonExpendedSlot
    0000005B                        557 SetExpendedSlot:
    0000005B 79               [ 4]  558 	ld a, c
    0000005C E6 03            [ 7]  559 	and #0b00000011
    0000005E 57               [ 4]  560 	ld d, a
    0000005F 0F               [ 4]  561 	rrca 
    00000060 0F               [ 4]  562 	rrca 
    00000061 E6 C0            [ 7]  563 	and a, #0xC0
    00000063 B2               [ 4]  564 	or d
    00000064 57               [ 4]  565 	ld d, a
    00000065 DB A8            [11]  566 	in a, (0xA8)
    00000067 47               [ 4]  567 	ld b, a
    00000068 E6 3C            [ 7]  568 	and #0b00111100
    0000006A B2               [ 4]  569 	or d
    0000006B F3               [ 4]  570 	di
    0000006C D3 A8            [11]  571 	out (0xA8), a
    0000006E 79               [ 4]  572 	ld a, c
    0000006F 0F               [ 4]  573 	rrca 
    00000070 0F               [ 4]  574 	rrca 
    00000071 E6 3F            [ 7]  575 	and a, #0x3F
    00000073 E6 03            [ 7]  576 	and #0b00000011
    00000075 57               [ 4]  577 	ld d, a
    00000076 3A FF FF         [13]  578 	ld a,(0xFFFF)
    00000079 2F               [ 4]  579 	cpl
    0000007A E6 FC            [ 7]  580 	and #0b11111100
    0000007C B2               [ 4]  581 	or d
    0000007D 32 FF FF         [13]  582 	ld (0xFFFF), a
    00000080 78               [ 4]  583 	ld a, b
    00000081 E6 C0            [ 7]  584 	and #0b11000000
    00000083 47               [ 4]  585 	ld b, a
    00000084 DB A8            [11]  586 	in a, (0xA8)
    00000086 E6 3F            [ 7]  587 	and #0b00111111
    00000088 B0               [ 4]  588 	or b
    00000089 D3 A8            [11]  589 	out (0xA8), a
    0000008B C9               [10]  590 	ret
    0000008C                        591 SetNonExpendedSlot:
    0000008C 79               [ 4]  592 	ld a, c
    0000008D E6 03            [ 7]  593 	and #0b00000011
    0000008F 57               [ 4]  594 	ld d, a
    00000090 DB A8            [11]  595 	in a, (0xA8)
    00000092 47               [ 4]  596 	ld b, a
    00000093 E6 FC            [ 7]  597 	and #0b11111100
    00000095 B2               [ 4]  598 	or d
    00000096 F3               [ 4]  599 	di
    00000097 D3 A8            [11]  600 	out (0xA8), a
    00000099 C9               [10]  601 	ret
                                    602 ;C:\Users\Jummy\Downloads\MSXgl-1.5.0b\engine/src/system.c:135: }
                                    603 ;C:\Users\Jummy\Downloads\MSXgl-1.5.0b\engine/src/system.c:139: u8 Sys_CheckSlot(CheckSlotCallback cb)
                                    604 ;	---------------------------------
                                    605 ; Function Sys_CheckSlot
                                    606 ; ---------------------------------
    0000009A                        607 _Sys_CheckSlot::
    0000009A DD E5            [15]  608 	push	ix
    0000009C DD 21 00 00      [14]  609 	ld	ix,	#0
    000000A0 DD 39            [15]  610 	add	ix, sp
    000000A2 3B               [ 6]  611 	dec	sp
                                    612 ;C:\Users\Jummy\Downloads\MSXgl-1.5.0b\engine/src/system.c:141: for (u8 slot = 0; slot < 4; ++slot)
    000000A3 01 00 00         [10]  613 	ld	bc, #0x0
    000000A6                        614 00114$:
    000000A6 78               [ 4]  615 	ld	a, b
    000000A7 D6 04            [ 7]  616 	sub	a, #0x04
    000000A9 30 4D            [12]  617 	jr	nc, 00109$
                                    618 ;C:\Users\Jummy\Downloads\MSXgl-1.5.0b\engine/src/system.c:143: if (g_EXPTBL[slot] & SLOT_EXP)
    000000AB 3E C1            [ 7]  619 	ld	a, #<(_g_EXPTBL)
    000000AD 80               [ 4]  620 	add	a, b
    000000AE 5F               [ 4]  621 	ld	e, a
    000000AF 3E FC            [ 7]  622 	ld	a, #>(_g_EXPTBL)
    000000B1 CE 00            [ 7]  623 	adc	a, #0x00
    000000B3 57               [ 4]  624 	ld	d, a
    000000B4 1A               [ 7]  625 	ld	a, (de)
    000000B5 07               [ 4]  626 	rlca
    000000B6 30 2C            [12]  627 	jr	nc, 00107$
                                    628 ;C:\Users\Jummy\Downloads\MSXgl-1.5.0b\engine/src/system.c:145: for (u8 sub = 0; sub < 4; ++sub)
    000000B8 78               [ 4]  629 	ld	a, b
    000000B9 E6 03            [ 7]  630 	and	a, #0x03
    000000BB DD 77 FF         [19]  631 	ld	-1 (ix), a
    000000BE 0E 00            [ 7]  632 	ld	c, #0x00
    000000C0                        633 00111$:
                                    634 ;C:\Users\Jummy\Downloads\MSXgl-1.5.0b\engine/src/system.c:147: u8 slotId = SLOTEX(slot, sub);
    000000C0 79               [ 4]  635 	ld	a, c
    000000C1 FE 04            [ 7]  636 	cp	a, #0x04
    000000C3 30 2E            [12]  637 	jr	nc, 00115$
    000000C5 E6 03            [ 7]  638 	and	a, #0x03
    000000C7 87               [ 4]  639 	add	a, a
    000000C8 87               [ 4]  640 	add	a, a
    000000C9 DD B6 FF         [19]  641 	or	a, -1 (ix)
    000000CC F6 80            [ 7]  642 	or	a, #0x80
    000000CE 5F               [ 4]  643 	ld	e, a
                                    644 ;C:\Users\Jummy\Downloads\MSXgl-1.5.0b\engine/src/system.c:148: if (cb(slotId))
    000000CF E5               [11]  645 	push	hl
    000000D0 C5               [11]  646 	push	bc
    000000D1 D5               [11]  647 	push	de
    000000D2 7B               [ 4]  648 	ld	a, e
    000000D3 CDr00r00         [17]  649 	call	___sdcc_call_hl
    000000D6 D1               [10]  650 	pop	de
    000000D7 C1               [10]  651 	pop	bc
    000000D8 E1               [10]  652 	pop	hl
    000000D9 B7               [ 4]  653 	or	a, a
    000000DA 28 04            [12]  654 	jr	z, 00112$
                                    655 ;C:\Users\Jummy\Downloads\MSXgl-1.5.0b\engine/src/system.c:149: return slotId;
    000000DC 7B               [ 4]  656 	ld	a, e
    000000DD C3rFAr00         [10]  657 	jp	00116$
    000000E0                        658 00112$:
                                    659 ;C:\Users\Jummy\Downloads\MSXgl-1.5.0b\engine/src/system.c:145: for (u8 sub = 0; sub < 4; ++sub)
    000000E0 0C               [ 4]  660 	inc	c
    000000E1 C3rC0r00         [10]  661 	jp	00111$
    000000E4                        662 00107$:
                                    663 ;C:\Users\Jummy\Downloads\MSXgl-1.5.0b\engine/src/system.c:152: else if (cb(slot))
    000000E4 E5               [11]  664 	push	hl
    000000E5 C5               [11]  665 	push	bc
    000000E6 78               [ 4]  666 	ld	a, b
    000000E7 CDr00r00         [17]  667 	call	___sdcc_call_hl
    000000EA C1               [10]  668 	pop	bc
    000000EB E1               [10]  669 	pop	hl
    000000EC B7               [ 4]  670 	or	a, a
    000000ED 28 04            [12]  671 	jr	z, 00115$
                                    672 ;C:\Users\Jummy\Downloads\MSXgl-1.5.0b\engine/src/system.c:153: return slot;
    000000EF 79               [ 4]  673 	ld	a, c
    000000F0 C3rFAr00         [10]  674 	jp	00116$
    000000F3                        675 00115$:
                                    676 ;C:\Users\Jummy\Downloads\MSXgl-1.5.0b\engine/src/system.c:141: for (u8 slot = 0; slot < 4; ++slot)
    000000F3 04               [ 4]  677 	inc	b
    000000F4 48               [ 4]  678 	ld	c, b
    000000F5 C3rA6r00         [10]  679 	jp	00114$
    000000F8                        680 00109$:
                                    681 ;C:\Users\Jummy\Downloads\MSXgl-1.5.0b\engine/src/system.c:155: return SLOT_NOTFOUND;
    000000F8 3E FF            [ 7]  682 	ld	a, #0xff
    000000FA                        683 00116$:
                                    684 ;C:\Users\Jummy\Downloads\MSXgl-1.5.0b\engine/src/system.c:156: }
    000000FA 33               [ 6]  685 	inc	sp
    000000FB DD E1            [14]  686 	pop	ix
    000000FD C9               [10]  687 	ret
                                    688 	.area _CODE
                                    689 	.area _INITIALIZER
                                    690 	.area _CABS (ABS)
